Archive member included to satisfy reference by file (symbol)

C:/ST/STM32CubeIDE_1.14.0/STM32CubeIDE/plugins/com.st.stm32cube.ide.mcu.externaltools.gnu-tools-for-stm32.11.3.rel1.win32_1.1.100.202309141235/tools/bin/../lib/gcc/arm-none-eabi/11.3.1/../../../../arm-none-eabi/lib/thumb/v7e-m+fp/hard\libc_nano.a(libc_a-exit.o)
                              C:/ST/STM32CubeIDE_1.14.0/STM32CubeIDE/plugins/com.st.stm32cube.ide.mcu.externaltools.gnu-tools-for-stm32.11.3.rel1.win32_1.1.100.202309141235/tools/bin/../lib/gcc/arm-none-eabi/11.3.1/../../../../arm-none-eabi/lib/thumb/v7e-m+fp/hard/crt0.o (exit)
C:/ST/STM32CubeIDE_1.14.0/STM32CubeIDE/plugins/com.st.stm32cube.ide.mcu.externaltools.gnu-tools-for-stm32.11.3.rel1.win32_1.1.100.202309141235/tools/bin/../lib/gcc/arm-none-eabi/11.3.1/../../../../arm-none-eabi/lib/thumb/v7e-m+fp/hard\libc_nano.a(libc_a-malloc.o)
                              ./Middlewares/Solvine/Utils/src/svList.o (free)
C:/ST/STM32CubeIDE_1.14.0/STM32CubeIDE/plugins/com.st.stm32cube.ide.mcu.externaltools.gnu-tools-for-stm32.11.3.rel1.win32_1.1.100.202309141235/tools/bin/../lib/gcc/arm-none-eabi/11.3.1/../../../../arm-none-eabi/lib/thumb/v7e-m+fp/hard\libc_nano.a(libc_a-mallocr.o)
                              C:/ST/STM32CubeIDE_1.14.0/STM32CubeIDE/plugins/com.st.stm32cube.ide.mcu.externaltools.gnu-tools-for-stm32.11.3.rel1.win32_1.1.100.202309141235/tools/bin/../lib/gcc/arm-none-eabi/11.3.1/../../../../arm-none-eabi/lib/thumb/v7e-m+fp/hard\libc_nano.a(libc_a-malloc.o) (_malloc_r)
C:/ST/STM32CubeIDE_1.14.0/STM32CubeIDE/plugins/com.st.stm32cube.ide.mcu.externaltools.gnu-tools-for-stm32.11.3.rel1.win32_1.1.100.202309141235/tools/bin/../lib/gcc/arm-none-eabi/11.3.1/../../../../arm-none-eabi/lib/thumb/v7e-m+fp/hard\libc_nano.a(libc_a-mlock.o)
                              C:/ST/STM32CubeIDE_1.14.0/STM32CubeIDE/plugins/com.st.stm32cube.ide.mcu.externaltools.gnu-tools-for-stm32.11.3.rel1.win32_1.1.100.202309141235/tools/bin/../lib/gcc/arm-none-eabi/11.3.1/../../../../arm-none-eabi/lib/thumb/v7e-m+fp/hard\libc_nano.a(libc_a-mallocr.o) (__malloc_lock)
C:/ST/STM32CubeIDE_1.14.0/STM32CubeIDE/plugins/com.st.stm32cube.ide.mcu.externaltools.gnu-tools-for-stm32.11.3.rel1.win32_1.1.100.202309141235/tools/bin/../lib/gcc/arm-none-eabi/11.3.1/../../../../arm-none-eabi/lib/thumb/v7e-m+fp/hard\libc_nano.a(libc_a-findfp.o)
                              C:/ST/STM32CubeIDE_1.14.0/STM32CubeIDE/plugins/com.st.stm32cube.ide.mcu.externaltools.gnu-tools-for-stm32.11.3.rel1.win32_1.1.100.202309141235/tools/bin/../lib/gcc/arm-none-eabi/11.3.1/../../../../arm-none-eabi/lib/thumb/v7e-m+fp/hard\libc_nano.a(libc_a-exit.o) (__stdio_exit_handler)
C:/ST/STM32CubeIDE_1.14.0/STM32CubeIDE/plugins/com.st.stm32cube.ide.mcu.externaltools.gnu-tools-for-stm32.11.3.rel1.win32_1.1.100.202309141235/tools/bin/../lib/gcc/arm-none-eabi/11.3.1/../../../../arm-none-eabi/lib/thumb/v7e-m+fp/hard\libc_nano.a(libc_a-fwalk.o)
                              C:/ST/STM32CubeIDE_1.14.0/STM32CubeIDE/plugins/com.st.stm32cube.ide.mcu.externaltools.gnu-tools-for-stm32.11.3.rel1.win32_1.1.100.202309141235/tools/bin/../lib/gcc/arm-none-eabi/11.3.1/../../../../arm-none-eabi/lib/thumb/v7e-m+fp/hard\libc_nano.a(libc_a-findfp.o) (_fwalk_sglue)
C:/ST/STM32CubeIDE_1.14.0/STM32CubeIDE/plugins/com.st.stm32cube.ide.mcu.externaltools.gnu-tools-for-stm32.11.3.rel1.win32_1.1.100.202309141235/tools/bin/../lib/gcc/arm-none-eabi/11.3.1/../../../../arm-none-eabi/lib/thumb/v7e-m+fp/hard\libc_nano.a(libc_a-stdio.o)
                              C:/ST/STM32CubeIDE_1.14.0/STM32CubeIDE/plugins/com.st.stm32cube.ide.mcu.externaltools.gnu-tools-for-stm32.11.3.rel1.win32_1.1.100.202309141235/tools/bin/../lib/gcc/arm-none-eabi/11.3.1/../../../../arm-none-eabi/lib/thumb/v7e-m+fp/hard\libc_nano.a(libc_a-findfp.o) (__sread)
C:/ST/STM32CubeIDE_1.14.0/STM32CubeIDE/plugins/com.st.stm32cube.ide.mcu.externaltools.gnu-tools-for-stm32.11.3.rel1.win32_1.1.100.202309141235/tools/bin/../lib/gcc/arm-none-eabi/11.3.1/../../../../arm-none-eabi/lib/thumb/v7e-m+fp/hard\libc_nano.a(libc_a-vsnprintf.o)
                              ./Drivers/BSP/src/UART.o (vsnprintf)
C:/ST/STM32CubeIDE_1.14.0/STM32CubeIDE/plugins/com.st.stm32cube.ide.mcu.externaltools.gnu-tools-for-stm32.11.3.rel1.win32_1.1.100.202309141235/tools/bin/../lib/gcc/arm-none-eabi/11.3.1/../../../../arm-none-eabi/lib/thumb/v7e-m+fp/hard\libc_nano.a(libc_a-vsprintf.o)
                              ./Drivers/BSP/src/svDebug.o (vsprintf)
C:/ST/STM32CubeIDE_1.14.0/STM32CubeIDE/plugins/com.st.stm32cube.ide.mcu.externaltools.gnu-tools-for-stm32.11.3.rel1.win32_1.1.100.202309141235/tools/bin/../lib/gcc/arm-none-eabi/11.3.1/../../../../arm-none-eabi/lib/thumb/v7e-m+fp/hard\libc_nano.a(libc_a-memset.o)
[...]
Memory Configuration

Name             Origin             Length             Attributes
RAM              0x0000000020000000 0x0000000000004000 xrw
FLASH            0x0000000008000000 0x0000000000007000 xr
*default*        0x0000000000000000 0xffffffffffffffff

Linker script and memory map

LOAD C:/ST/STM32CubeIDE_1.14.0/STM32CubeIDE/plugins/com.st.stm32cube.ide.mcu.externaltools.gnu-tools-for-stm32.11.3.rel1.win32_1.1.100.202309141235/tools/bin/../lib/gcc/arm-none-eabi/11.3.1/thumb/v7e-m+fp/hard/crti.o
LOAD C:/ST/STM32CubeIDE_1.14.0/STM32CubeIDE/plugins/com.st.stm32cube.ide.mcu.externaltools.gnu-tools-for-stm32.11.3.rel1.win32_1.1.100.202309141235/tools/bin/../lib/gcc/arm-none-eabi/11.3.1/thumb/v7e-m+fp/hard/crtbegin.o
LOAD C:/ST/STM32CubeIDE_1.14.0/STM32CubeIDE/plugins/com.st.stm32cube.ide.mcu.externaltools.gnu-tools-for-stm32.11.3.rel1.win32_1.1.100.202309141235/tools/bin/../lib/gcc/arm-none-eabi/11.3.1/../../../../arm-none-eabi/lib/thumb/v7e-m+fp/hard/crt0.o
LOAD ./Core/Src/AppMain.o
LOAD ./Core/Src/BuildTime.o
LOAD ./Core/Src/main.o
LOAD ./Core/Src/stm32g4xx_hal_msp.o
LOAD ./Core/Src/stm32g4xx_it.o
LOAD ./Core/Src/syscalls.o
LOAD ./Core/Src/sysmem.o
LOAD ./Core/Src/system_stm32g4xx.o
LOAD ./Core/Startup/startup_stm32g474retx.o
LOAD ./Drivers/BSP/src/Flash.o
LOAD ./Drivers/BSP/src/LED.o
LOAD ./Drivers/BSP/src/RTC.o
LOAD ./Drivers/BSP/src/Reset.o
LOAD ./Drivers/BSP/src/UART.o
LOAD ./Drivers/BSP/src/svDebug.o
LOAD ./Drivers/BSP/src/svPlatform.o
LOAD ./Drivers/STM32G4xx_HAL_Driver/Src/stm32g4xx_hal.o
LOAD ./Drivers/STM32G4xx_HAL_Driver/Src/stm32g4xx_hal_cortex.o
LOAD ./Drivers/STM32G4xx_HAL_Driver/Src/stm32g4xx_hal_dma.o
LOAD ./Drivers/STM32G4xx_HAL_Driver/Src/stm32g4xx_hal_dma_ex.o
LOAD ./Drivers/STM32G4xx_HAL_Driver/Src/stm32g4xx_hal_exti.o
LOAD ./Drivers/STM32G4xx_HAL_Driver/Src/stm32g4xx_hal_flash.o
LOAD ./Drivers/STM32G4xx_HAL_Driver/Src/stm32g4xx_hal_flash_ex.o
LOAD ./Drivers/STM32G4xx_HAL_Driver/Src/stm32g4xx_hal_flash_ramfunc.o
LOAD ./Drivers/STM32G4xx_HAL_Driver/Src/stm32g4xx_hal_gpio.o
LOAD ./Drivers/STM32G4xx_HAL_Driver/Src/stm32g4xx_hal_pcd.o
LOAD ./Drivers/STM32G4xx_HAL_Driver/Src/stm32g4xx_hal_pcd_ex.o
LOAD ./Drivers/STM32G4xx_HAL_Driver/Src/stm32g4xx_hal_pwr.o
LOAD ./Drivers/STM32G4xx_HAL_Driver/Src/stm32g4xx_hal_pwr_ex.o
LOAD ./Drivers/STM32G4xx_HAL_Driver/Src/stm32g4xx_hal_rcc.o
LOAD ./Drivers/STM32G4xx_HAL_Driver/Src/stm32g4xx_hal_rcc_ex.o
LOAD ./Drivers/STM32G4xx_HAL_Driver/Src/stm32g4xx_hal_rtc.o
LOAD ./Drivers/STM32G4xx_HAL_Driver/Src/stm32g4xx_hal_rtc_ex.o
LOAD ./Drivers/STM32G4xx_HAL_Driver/Src/stm32g4xx_hal_tim.o
LOAD ./Drivers/STM32G4xx_HAL_Driver/Src/stm32g4xx_hal_tim_ex.o
LOAD ./Drivers/STM32G4xx_HAL_Driver/Src/stm32g4xx_hal_uart.o
LOAD ./Drivers/STM32G4xx_HAL_Driver/Src/stm32g4xx_hal_uart_ex.o
LOAD ./Drivers/STM32G4xx_HAL_Driver/Src/stm32g4xx_ll_usb.o
LOAD ./Middlewares/ST/STM32_USB_Device_Library/Class/CDC/Src/usbd_cdc.o
LOAD ./Middlewares/ST/STM32_USB_Device_Library/Core/Src/usbd_core.o
LOAD ./Middlewares/ST/STM32_USB_Device_Library/Core/Src/usbd_ctlreq.o
LOAD ./Middlewares/ST/STM32_USB_Device_Library/Core/Src/usbd_ioreq.o
LOAD ./Middlewares/Solvine/Utils/src/svCLI.o
LOAD ./Middlewares/Solvine/Utils/src/svLinkBuffer.o
LOAD ./Middlewares/Solvine/Utils/src/svList.o
LOAD ./Middlewares/Solvine/Utils/src/svOvRingBuffer.o
LOAD ./Middlewares/Solvine/Utils/src/svRingBuffer.o
LOAD ./Middlewares/Solvine/Utils/src/svTaskTimer.o
LOAD ./Middlewares/Solvine/Utils/src/svUtils.o
LOAD ./Middlewares/Third_Party/lwrb/src/lwrb.o
LOAD ./USB_Device/App/usb_device.o
LOAD ./USB_Device/App/usbd_cdc_if.o
LOAD ./USB_Device/App/usbd_desc.o
LOAD ./USB_Device/Target/usbd_conf.o
START GROUP
LOAD C:/ST/STM32CubeIDE_1.14.0/STM32CubeIDE/plugins/com.st.stm32cube.ide.mcu.externaltools.gnu-tools-for-stm32.11.3.rel1.win32_1.1.100.202309141235/tools/bin/../lib/gcc/arm-none-eabi/11.3.1/../../../../arm-none-eabi/lib/thumb/v7e-m+fp/hard\libc_nano.a
LOAD C:/ST/STM32CubeIDE_1.14.0/STM32CubeIDE/plugins/com.st.stm32cube.ide.mcu.externaltools.gnu-tools-for-stm32.11.3.rel1.win32_1.1.100.202309141235/tools/bin/../lib/gcc/arm-none-eabi/11.3.1/../../../../arm-none-eabi/lib/thumb/v7e-m+fp/hard\libm.a
END GROUP
START GROUP
LOAD C:/ST/STM32CubeIDE_1.14.0/STM32CubeIDE/plugins/com.st.stm32cube.ide.mcu.externaltools.gnu-tools-for-stm32.11.3.rel1.win32_1.1.100.202309141235/tools/bin/../lib/gcc/arm-none-eabi/11.3.1/thumb/v7e-m+fp/hard\libgcc.a
LOAD C:/ST/STM32CubeIDE_1.14.0/STM32CubeIDE/plugins/com.st.stm32cube.ide.mcu.externaltools.gnu-tools-for-stm32.11.3.rel1.win32_1.1.100.202309141235/tools/bin/../lib/gcc/arm-none-eabi/11.3.1/../../../../arm-none-eabi/lib/thumb/v7e-m+fp/hard\libc_nano.a
END GROUP
START GROUP
LOAD C:/ST/STM32CubeIDE_1.14.0/STM32CubeIDE/plugins/com.st.stm32cube.ide.mcu.externaltools.gnu-tools-for-stm32.11.3.rel1.win32_1.1.100.202309141235/tools/bin/../lib/gcc/arm-none-eabi/11.3.1/thumb/v7e-m+fp/hard\libgcc.a
LOAD C:/ST/STM32CubeIDE_1.14.0/STM32CubeIDE/plugins/com.st.stm32cube.ide.mcu.externaltools.gnu-tools-for-stm32.11.3.rel1.win32_1.1.100.202309141235/tools/bin/../lib/gcc/arm-none-eabi/11.3.1/../../../../arm-none-eabi/lib/thumb/v7e-m+fp/hard\libc_nano.a
LOAD C:/ST/STM32CubeIDE_1.14.0/STM32CubeIDE/plugins/com.st.stm32cube.ide.mcu.externaltools.gnu-tools-for-stm32.11.3.rel1.win32_1.1.100.202309141235/tools/bin/../lib/gcc/arm-none-eabi/11.3.1/../../../../arm-none-eabi/lib/thumb/v7e-m+fp/hard\libnosys.a
END GROUP
START GROUP
LOAD C:/ST/STM32CubeIDE_1.14.0/STM32CubeIDE/plugins/com.st.stm32cube.ide.mcu.externaltools.gnu-tools-for-stm32.11.3.rel1.win32_1.1.100.202309141235/tools/bin/../lib/gcc/arm-none-eabi/11.3.1/thumb/v7e-m+fp/hard\libgcc.a
LOAD C:/ST/STM32CubeIDE_1.14.0/STM32CubeIDE/plugins/com.st.stm32cube.ide.mcu.externaltools.gnu-tools-for-stm32.11.3.rel1.win32_1.1.100.202309141235/tools/bin/../lib/gcc/arm-none-eabi/11.3.1/../../../../arm-none-eabi/lib/thumb/v7e-m+fp/hard\libc_nano.a
LOAD C:/ST/STM32CubeIDE_1.14.0/STM32CubeIDE/plugins/com.st.stm32cube.ide.mcu.externaltools.gnu-tools-for-stm32.11.3.rel1.win32_1.1.100.202309141235/tools/bin/../lib/gcc/arm-none-eabi/11.3.1/../../../../arm-none-eabi/lib/thumb/v7e-m+fp/hard\libnosys.a
END GROUP
LOAD C:/ST/STM32CubeIDE_1.14.0/STM32CubeIDE/plugins/com.st.stm32cube.ide.mcu.externaltools.gnu-tools-for-stm32.11.3.rel1.win32_1.1.100.202309141235/tools/bin/../lib/gcc/arm-none-eabi/11.3.1/thumb/v7e-m+fp/hard/crtend.o
LOAD C:/ST/STM32CubeIDE_1.14.0/STM32CubeIDE/plugins/com.st.stm32cube.ide.mcu.externaltools.gnu-tools-for-stm32.11.3.rel1.win32_1.1.100.202309141235/tools/bin/../lib/gcc/arm-none-eabi/11.3.1/thumb/v7e-m+fp/hard/crtn.o
                0x0000000020004000                _estack = (ORIGIN (RAM) + LENGTH (RAM))
                0x0000000000000200                _Min_Heap_Size = 0x200
                0x0000000000000400                _Min_Stack_Size = 0x400

.isr_vector     0x0000000008000000      0x1d8
                0x0000000008000000                . = ALIGN (0x4)
 *(.isr_vector)
 .isr_vector    0x0000000008000000      0x1d8 ./Core/Startup/startup_stm32g474retx.o
                0x0000000008000000                g_pfnVectors
                0x00000000080001d8                . = ALIGN (0x4)

.text           0x00000000080001e0     0x60b4
                0x00000000080001e0                . = ALIGN (0x4)
 *(.text)
 .text          0x00000000080001e0       0x40 C:/ST/STM32CubeIDE_1.14.0/STM32CubeIDE/plugins/com.st.stm32cube.ide.mcu.externaltools.gnu-tools-for-stm32.11.3.rel1.win32_1.1.100.202309141235/tools/bin/../lib/gcc/arm-none-eabi/11.3.1/thumb/v7e-m+fp/hard/crtbegin.o
 .text          0x0000000008000220       0xa0 C:/ST/STM32CubeIDE_1.14.0/STM32CubeIDE/plugins/com.st.stm32cube.ide.mcu.externaltools.gnu-tools-for-stm32.11.3.rel1.win32_1.1.100.202309141235/tools/bin/../lib/gcc/arm-none-eabi/11.3.1/../../../../arm-none-eabi/lib/thumb/v7e-m+fp/hard\libc_nano.a(libc_a-memchr.o)
                0x0000000008000220                memchr
 .text          0x00000000080002c0       0x30 C:/ST/STM32CubeIDE_1.14.0/STM32CubeIDE/plugins/com.st.stm32cube.ide.mcu.externaltools.gnu-tools-for-stm32.11.3.rel1.win32_1.1.100.202309141235/tools/bin/../lib/gcc/arm-none-eabi/11.3.1/thumb/v7e-m+fp/hard\libgcc.a(_aeabi_uldivmod.o)
                0x00000000080002c0                __aeabi_uldivmod
 .text          0x00000000080002f0      0x2c8 C:/ST/STM32CubeIDE_1.14.0/STM32CubeIDE/plugins/com.st.stm32cube.ide.mcu.externaltools.gnu-tools-for-stm32.11.3.rel1.win32_1.1.100.202309141235/tools/bin/../lib/gcc/arm-none-eabi/11.3.1/thumb/v7e-m+fp/hard\libgcc.a(_udivmoddi4.o)
                0x00000000080002f0                __udivmoddi4
 .text          0x00000000080005b8        0x4 C:/ST/STM32CubeIDE_1.14.0/STM32CubeIDE/plugins/com.st.stm32cube.ide.mcu.externaltools.gnu-tools-for-stm32.11.3.rel1.win32_1.1.100.202309141235/tools/bin/../lib/gcc/arm-none-eabi/11.3.1/thumb/v7e-m+fp/hard\libgcc.a(_dvmd_tls.o)
                0x00000000080005b8                __aeabi_idiv0
                0x00000000080005b8                __aeabi_ldiv0
 *(.text*)
 .text.AppMain  0x00000000080005bc       0x44 ./Core/Src/AppMain.o
                0x00000000080005bc                AppMain
 .text.SystemClock_Config
                0x0000000008000600       0x74 ./Core/Src/main.o
                0x0000000008000600                SystemClock_Config
 .text.startup.main
                0x0000000008000674      0x104 ./Core/Src/main.o
                0x0000000008000674                main
 .text.Error_Handler
                0x0000000008000778        0x4 ./Core/Src/main.o
                0x0000000008000778                Error_Handler
 .text.HAL_MspInit
                0x000000000800077c       0x34 ./Core/Src/stm32g4xx_hal_msp.o
                0x000000000800077c                HAL_MspInit
 .text.HAL_RTC_MspInit
                0x00000000080007b0       0x5c ./Core/Src/stm32g4xx_hal_msp.o
                0x00000000080007b0                HAL_RTC_MspInit
 .text.HAL_UART_MspInit
                0x000000000800080c       0x94 ./Core/Src/stm32g4xx_hal_msp.o
                0x000000000800080c                HAL_UART_MspInit
 .text.NMI_Handler
                0x00000000080008a0        0x2 ./Core/Src/stm32g4xx_it.o
                0x00000000080008a0                NMI_Handler
 .text.HardFault_Handler
                0x00000000080008a2        0x2 ./Core/Src/stm32g4xx_it.o
                0x00000000080008a2                HardFault_Handler
 .text.MemManage_Handler
                0x00000000080008a4        0x2 ./Core/Src/stm32g4xx_it.o
                0x00000000080008a4                MemManage_Handler
 .text.BusFault_Handler
                0x00000000080008a6        0x2 ./Core/Src/stm32g4xx_it.o
                0x00000000080008a6                BusFault_Handler
 .text.UsageFault_Handler
                0x00000000080008a8        0x2 ./Core/Src/stm32g4xx_it.o
                0x00000000080008a8                UsageFault_Handler
 .text.SVC_Handler
                0x00000000080008aa        0x2 ./Core/Src/stm32g4xx_it.o
                0x00000000080008aa                SVC_Handler
 .text.DebugMon_Handler
                0x00000000080008ac        0x2 ./Core/Src/stm32g4xx_it.o
                0x00000000080008ac                DebugMon_Handler
 .text.PendSV_Handler
                0x00000000080008ae        0x2 ./Core/Src/stm32g4xx_it.o
                0x00000000080008ae                PendSV_Handler
 .text.SysTick_Handler
                0x00000000080008b0        0x4 ./Core/Src/stm32g4xx_it.o
                0x00000000080008b0                SysTick_Handler
 .text.USB_LP_IRQHandler
                0x00000000080008b4        0xc ./Core/Src/stm32g4xx_it.o
                0x00000000080008b4                USB_LP_IRQHandler
 .text.USART1_IRQHandler
                0x00000000080008c0        0xc ./Core/Src/stm32g4xx_it.o
                0x00000000080008c0                USART1_IRQHandler
 .text._sbrk    0x00000000080008cc       0x40 ./Core/Src/sysmem.o
                0x00000000080008cc                _sbrk
 .text.SystemInit
                0x000000000800090c       0x14 ./Core/Src/system_stm32g4xx.o
                0x000000000800090c                SystemInit
 .text.Reset_Handler
                0x0000000008000920       0x50 ./Core/Startup/startup_stm32g474retx.o
                0x0000000008000920                Reset_Handler
 .text.Default_Handler
                0x0000000008000970        0x2 ./Core/Startup/startup_stm32g474retx.o
                0x0000000008000970                RTC_Alarm_IRQHandler
                0x0000000008000970                EXTI2_IRQHandler
                0x0000000008000970                TIM8_TRG_COM_IRQHandler
                0x0000000008000970                TIM8_CC_IRQHandler
                0x0000000008000970                HRTIM1_Master_IRQHandler
                0x0000000008000970                SPI4_IRQHandler
                0x0000000008000970                FDCAN3_IT0_IRQHandler
                0x0000000008000970                TIM1_CC_IRQHandler
                0x0000000008000970                HRTIM1_FLT_IRQHandler
                0x0000000008000970                HRTIM1_TIMF_IRQHandler
                0x0000000008000970                USB_HP_IRQHandler
                0x0000000008000970                CORDIC_IRQHandler
                0x0000000008000970                HRTIM1_TIMD_IRQHandler
                0x0000000008000970                DMA2_Channel8_IRQHandler
                0x0000000008000970                EXTI3_IRQHandler
                0x0000000008000970                I2C3_ER_IRQHandler
                0x0000000008000970                EXTI0_IRQHandler
                0x0000000008000970                I2C2_EV_IRQHandler
                0x0000000008000970                FPU_IRQHandler
                0x0000000008000970                FDCAN1_IT1_IRQHandler
                0x0000000008000970                TIM1_UP_TIM16_IRQHandler
                0x0000000008000970                ADC1_2_IRQHandler
                0x0000000008000970                HRTIM1_TIME_IRQHandler
                0x0000000008000970                SPI1_IRQHandler
                0x0000000008000970                TIM6_DAC_IRQHandler
                0x0000000008000970                HRTIM1_TIMC_IRQHandler
                0x0000000008000970                TIM8_UP_IRQHandler
                0x0000000008000970                DMA2_Channel2_IRQHandler
                0x0000000008000970                DMA1_Channel4_IRQHandler
                0x0000000008000970                TIM20_TRG_COM_IRQHandler
                0x0000000008000970                USART3_IRQHandler
                0x0000000008000970                DMA1_Channel7_IRQHandler
                0x0000000008000970                UART5_IRQHandler
                0x0000000008000970                ADC3_IRQHandler
                0x0000000008000970                TIM4_IRQHandler
                0x0000000008000970                DMA2_Channel1_IRQHandler
                0x0000000008000970                QUADSPI_IRQHandler
                0x0000000008000970                I2C1_EV_IRQHandler
                0x0000000008000970                DMA1_Channel6_IRQHandler
                0x0000000008000970                UART4_IRQHandler
                0x0000000008000970                DMA2_Channel4_IRQHandler
                0x0000000008000970                TIM3_IRQHandler
                0x0000000008000970                RCC_IRQHandler
                0x0000000008000970                TIM20_UP_IRQHandler
                0x0000000008000970                DMA1_Channel1_IRQHandler
                0x0000000008000970                Default_Handler
                0x0000000008000970                DMA2_Channel7_IRQHandler
                0x0000000008000970                RTC_TAMP_LSECSS_IRQHandler
                0x0000000008000970                FMAC_IRQHandler
                0x0000000008000970                EXTI15_10_IRQHandler
                0x0000000008000970                DMA1_Channel8_IRQHandler
                0x0000000008000970                HRTIM1_TIMA_IRQHandler
                0x0000000008000970                TIM7_DAC_IRQHandler
                0x0000000008000970                FDCAN3_IT1_IRQHandler
                0x0000000008000970                TIM5_IRQHandler
                0x0000000008000970                UCPD1_IRQHandler
                0x0000000008000970                I2C3_EV_IRQHandler
                0x0000000008000970                EXTI9_5_IRQHandler
                0x0000000008000970                RTC_WKUP_IRQHandler
                0x0000000008000970                PVD_PVM_IRQHandler
                0x0000000008000970                SPI2_IRQHandler
                0x0000000008000970                ADC5_IRQHandler
                0x0000000008000970                DMA2_Channel5_IRQHandler
                0x0000000008000970                CRS_IRQHandler
                0x0000000008000970                DMA1_Channel5_IRQHandler
                0x0000000008000970                EXTI4_IRQHandler
                0x0000000008000970                RNG_IRQHandler
                0x0000000008000970                HRTIM1_TIMB_IRQHandler
                0x0000000008000970                TIM1_TRG_COM_TIM17_IRQHandler
                0x0000000008000970                FDCAN2_IT1_IRQHandler
                0x0000000008000970                DMA1_Channel3_IRQHandler
                0x0000000008000970                ADC4_IRQHandler
                0x0000000008000970                WWDG_IRQHandler
                0x0000000008000970                I2C4_EV_IRQHandler
                0x0000000008000970                FDCAN2_IT0_IRQHandler
                0x0000000008000970                LPUART1_IRQHandler
                0x0000000008000970                DMA2_Channel6_IRQHandler
                0x0000000008000970                FDCAN1_IT0_IRQHandler
                0x0000000008000970                TIM2_IRQHandler
                0x0000000008000970                COMP7_IRQHandler
                0x0000000008000970                COMP1_2_3_IRQHandler
                0x0000000008000970                EXTI1_IRQHandler
                0x0000000008000970                USART2_IRQHandler
                0x0000000008000970                COMP4_5_6_IRQHandler
                0x0000000008000970                TIM20_BRK_IRQHandler
                0x0000000008000970                I2C2_ER_IRQHandler
                0x0000000008000970                DMA1_Channel2_IRQHandler
                0x0000000008000970                TIM8_BRK_IRQHandler
                0x0000000008000970                FLASH_IRQHandler
                0x0000000008000970                TIM20_CC_IRQHandler
                0x0000000008000970                SPI3_IRQHandler
                0x0000000008000970                I2C1_ER_IRQHandler
                0x0000000008000970                FMC_IRQHandler
                0x0000000008000970                LPTIM1_IRQHandler
                0x0000000008000970                DMAMUX_OVR_IRQHandler
                0x0000000008000970                I2C4_ER_IRQHandler
                0x0000000008000970                USBWakeUp_IRQHandler
                0x0000000008000970                SAI1_IRQHandler
                0x0000000008000970                DMA2_Channel3_IRQHandler
                0x0000000008000970                TIM1_BRK_TIM15_IRQHandler
 *fill*         0x0000000008000972        0x2 
 .text.Flash_Erase
                0x0000000008000974       0xa0 ./Drivers/BSP/src/Flash.o
                0x0000000008000974                Flash_Erase
 .text.Flash_Write
                0x0000000008000a14       0x4a ./Drivers/BSP/src/Flash.o
                0x0000000008000a14                Flash_Write
 .text.Flash_Read
                0x0000000008000a5e       0x16 ./Drivers/BSP/src/Flash.o
                0x0000000008000a5e                Flash_Read
 .text.CLI_FlashTest
                0x0000000008000a74       0xcc ./Drivers/BSP/src/Flash.o
 .text.LED_OnOff
                0x0000000008000b40       0x2c ./Drivers/BSP/src/LED.o
                0x0000000008000b40                LED_OnOff
 .text.CLI_LEDTest
                0x0000000008000b6c       0x12 ./Drivers/BSP/src/LED.o
 *fill*         0x0000000008000b7e        0x2 
 .text.RTC_BackupRegRead
                0x0000000008000b80        0xc ./Drivers/BSP/src/RTC.o
                0x0000000008000b80                RTC_BackupRegRead
 .text.RTC_BackupRegWrite
                0x0000000008000b8c       0x10 ./Drivers/BSP/src/RTC.o
                0x0000000008000b8c                RTC_BackupRegWrite
 .text.Reset_Init
                0x0000000008000b9c       0x50 ./Drivers/BSP/src/Reset.o
                0x0000000008000b9c                Reset_Init
 .text.Reset_GetCount
                0x0000000008000bec        0xc ./Drivers/BSP/src/Reset.o
                0x0000000008000bec                Reset_GetCount
 .text.Reset_ToBoot
                0x0000000008000bf8       0x60 ./Drivers/BSP/src/Reset.o
                0x0000000008000bf8                Reset_ToBoot
 .text.UART_Init
                0x0000000008000c58       0x90 ./Drivers/BSP/src/UART.o
                0x0000000008000c58                UART_Init
 .text.HAL_UART_RxCpltCallback
                0x0000000008000ce8       0x40 ./Drivers/BSP/src/UART.o
                0x0000000008000ce8                HAL_UART_RxCpltCallback
 .text.svDebugMessage
                0x0000000008000d28       0x30 ./Drivers/BSP/src/svDebug.o
                0x0000000008000d28                svDebugMessage
 .text.HAL_InitTick
                0x0000000008000d58       0x4c ./Drivers/STM32G4xx_HAL_Driver/Src/stm32g4xx_hal.o
                0x0000000008000d58                HAL_InitTick
 .text.HAL_Init
                0x0000000008000da4       0x1e ./Drivers/STM32G4xx_HAL_Driver/Src/stm32g4xx_hal.o
                0x0000000008000da4                HAL_Init
 *fill*         0x0000000008000dc2        0x2 
 .text.HAL_IncTick
                0x0000000008000dc4       0x18 ./Drivers/STM32G4xx_HAL_Driver/Src/stm32g4xx_hal.o
                0x0000000008000dc4                HAL_IncTick
 .text.HAL_GetTick
                0x0000000008000ddc        0xc ./Drivers/STM32G4xx_HAL_Driver/Src/stm32g4xx_hal.o
                0x0000000008000ddc                HAL_GetTick
 .text.HAL_Delay
                0x0000000008000de8       0x28 ./Drivers/STM32G4xx_HAL_Driver/Src/stm32g4xx_hal.o
                0x0000000008000de8                HAL_Delay
 .text.HAL_NVIC_SetPriorityGrouping
                0x0000000008000e10       0x24 ./Drivers/STM32G4xx_HAL_Driver/Src/stm32g4xx_hal_cortex.o
                0x0000000008000e10                HAL_NVIC_SetPriorityGrouping
 .text.HAL_NVIC_SetPriority
                0x0000000008000e34       0x64 ./Drivers/STM32G4xx_HAL_Driver/Src/stm32g4xx_hal_cortex.o
                0x0000000008000e34                HAL_NVIC_SetPriority
 .text.HAL_NVIC_EnableIRQ
                0x0000000008000e98       0x1c ./Drivers/STM32G4xx_HAL_Driver/Src/stm32g4xx_hal_cortex.o
                0x0000000008000e98                HAL_NVIC_EnableIRQ
 .text.HAL_SYSTICK_Config
                0x0000000008000eb4       0x28 ./Drivers/STM32G4xx_HAL_Driver/Src/stm32g4xx_hal_cortex.o
                0x0000000008000eb4                HAL_SYSTICK_Config
 .text.HAL_DMA_Abort
                0x0000000008000edc       0x66 ./Drivers/STM32G4xx_HAL_Driver/Src/stm32g4xx_hal_dma.o
                0x0000000008000edc                HAL_DMA_Abort
 .text.HAL_DMA_Abort_IT
                0x0000000008000f42       0x78 ./Drivers/STM32G4xx_HAL_Driver/Src/stm32g4xx_hal_dma.o
                0x0000000008000f42                HAL_DMA_Abort_IT
 *fill*         0x0000000008000fba        0x2 
 .text.FLASH_Program_Fast
                0x0000000008000fbc       0x2c ./Drivers/STM32G4xx_HAL_Driver/Src/stm32g4xx_hal_flash.o
 .text.HAL_FLASH_Unlock
                0x0000000008000fe8       0x24 ./Drivers/STM32G4xx_HAL_Driver/Src/stm32g4xx_hal_flash.o
                0x0000000008000fe8                HAL_FLASH_Unlock
 .text.HAL_FLASH_Lock
                0x000000000800100c       0x18 ./Drivers/STM32G4xx_HAL_Driver/Src/stm32g4xx_hal_flash.o
                0x000000000800100c                HAL_FLASH_Lock
 .text.FLASH_WaitForLastOperation
                0x0000000008001024       0x50 ./Drivers/STM32G4xx_HAL_Driver/Src/stm32g4xx_hal_flash.o
                0x0000000008001024                FLASH_WaitForLastOperation
 .text.HAL_FLASH_Program
                0x0000000008001074       0xa4 ./Drivers/STM32G4xx_HAL_Driver/Src/stm32g4xx_hal_flash.o
                0x0000000008001074                HAL_FLASH_Program
 .text.FLASH_MassErase
                0x0000000008001118       0x3c ./Drivers/STM32G4xx_HAL_Driver/Src/stm32g4xx_hal_flash_ex.o
 .text.FLASH_PageErase
                0x0000000008001154       0x44 ./Drivers/STM32G4xx_HAL_Driver/Src/stm32g4xx_hal_flash_ex.o
                0x0000000008001154                FLASH_PageErase
 .text.FLASH_FlushCaches
                0x0000000008001198       0x60 ./Drivers/STM32G4xx_HAL_Driver/Src/stm32g4xx_hal_flash_ex.o
                0x0000000008001198                FLASH_FlushCaches
 .text.HAL_FLASHEx_Erase
                0x00000000080011f8       0xe0 ./Drivers/STM32G4xx_HAL_Driver/Src/stm32g4xx_hal_flash_ex.o
                0x00000000080011f8                HAL_FLASHEx_Erase
 .text.HAL_GPIO_Init
                0x00000000080012d8      0x198 ./Drivers/STM32G4xx_HAL_Driver/Src/stm32g4xx_hal_gpio.o
                0x00000000080012d8                HAL_GPIO_Init
 .text.HAL_GPIO_WritePin
                0x0000000008001470        0xa ./Drivers/STM32G4xx_HAL_Driver/Src/stm32g4xx_hal_gpio.o
                0x0000000008001470                HAL_GPIO_WritePin
 .text.HAL_GPIO_TogglePin
                0x000000000800147a       0x12 ./Drivers/STM32G4xx_HAL_Driver/Src/stm32g4xx_hal_gpio.o
                0x000000000800147a                HAL_GPIO_TogglePin
 .text.HAL_PCD_Init
                0x000000000800148c       0xa6 ./Drivers/STM32G4xx_HAL_Driver/Src/stm32g4xx_hal_pcd.o
                0x000000000800148c                HAL_PCD_Init
 .text.HAL_PCD_Start
                0x0000000008001532       0x2a ./Drivers/STM32G4xx_HAL_Driver/Src/stm32g4xx_hal_pcd.o
                0x0000000008001532                HAL_PCD_Start
 .text.HAL_PCD_SetAddress
                0x000000000800155c       0x26 ./Drivers/STM32G4xx_HAL_Driver/Src/stm32g4xx_hal_pcd.o
                0x000000000800155c                HAL_PCD_SetAddress
 *fill*         0x0000000008001582        0x2 
 .text.HAL_PCD_IRQHandler
                0x0000000008001584      0x9d0 ./Drivers/STM32G4xx_HAL_Driver/Src/stm32g4xx_hal_pcd.o
                0x0000000008001584                HAL_PCD_IRQHandler
 .text.HAL_PCD_EP_Open
                0x0000000008001f54       0x68 ./Drivers/STM32G4xx_HAL_Driver/Src/stm32g4xx_hal_pcd.o
                0x0000000008001f54                HAL_PCD_EP_Open
 .text.HAL_PCD_EP_Close
                0x0000000008001fbc       0x5c ./Drivers/STM32G4xx_HAL_Driver/Src/stm32g4xx_hal_pcd.o
                0x0000000008001fbc                HAL_PCD_EP_Close
 .text.HAL_PCD_EP_Receive
                0x0000000008002018       0x2c ./Drivers/STM32G4xx_HAL_Driver/Src/stm32g4xx_hal_pcd.o
                0x0000000008002018                HAL_PCD_EP_Receive
 .text.HAL_PCD_EP_GetRxCount
                0x0000000008002044       0x10 ./Drivers/STM32G4xx_HAL_Driver/Src/stm32g4xx_hal_pcd.o
                0x0000000008002044                HAL_PCD_EP_GetRxCount
 .text.HAL_PCD_EP_Transmit
                0x0000000008002054       0x36 ./Drivers/STM32G4xx_HAL_Driver/Src/stm32g4xx_hal_pcd.o
                0x0000000008002054                HAL_PCD_EP_Transmit
 .text.HAL_PCD_EP_SetStall
                0x000000000800208a       0x64 ./Drivers/STM32G4xx_HAL_Driver/Src/stm32g4xx_hal_pcd.o
                0x000000000800208a                HAL_PCD_EP_SetStall
 .text.HAL_PCD_EP_ClrStall
                0x00000000080020ee       0x6e ./Drivers/STM32G4xx_HAL_Driver/Src/stm32g4xx_hal_pcd.o
                0x00000000080020ee                HAL_PCD_EP_ClrStall
 .text.HAL_PCDEx_PMAConfig
                0x000000000800215c       0x34 ./Drivers/STM32G4xx_HAL_Driver/Src/stm32g4xx_hal_pcd_ex.o
                0x000000000800215c                HAL_PCDEx_PMAConfig
 .text.HAL_PCDEx_ActivateLPM
                0x0000000008002190       0x2e ./Drivers/STM32G4xx_HAL_Driver/Src/stm32g4xx_hal_pcd_ex.o
                0x0000000008002190                HAL_PCDEx_ActivateLPM
 *fill*         0x00000000080021be        0x2 
 .text.HAL_PWREx_ControlVoltageScaling
                0x00000000080021c0       0xb4 ./Drivers/STM32G4xx_HAL_Driver/Src/stm32g4xx_hal_pwr_ex.o
                0x00000000080021c0                HAL_PWREx_ControlVoltageScaling
 .text.HAL_PWREx_DisableUCPDDeadBattery
                0x0000000008002274       0x10 ./Drivers/STM32G4xx_HAL_Driver/Src/stm32g4xx_hal_pwr_ex.o
                0x0000000008002274                HAL_PWREx_DisableUCPDDeadBattery
 .text.HAL_RCC_DeInit
                0x0000000008002284       0xb8 ./Drivers/STM32G4xx_HAL_Driver/Src/stm32g4xx_hal_rcc.o
                0x0000000008002284                HAL_RCC_DeInit
 .text.HAL_RCC_OscConfig
                0x000000000800233c      0x418 ./Drivers/STM32G4xx_HAL_Driver/Src/stm32g4xx_hal_rcc.o
                0x000000000800233c                HAL_RCC_OscConfig
 .text.HAL_RCC_GetSysClockFreq
                0x0000000008002754       0x6c ./Drivers/STM32G4xx_HAL_Driver/Src/stm32g4xx_hal_rcc.o
                0x0000000008002754                HAL_RCC_GetSysClockFreq
 .text.HAL_RCC_ClockConfig
                0x00000000080027c0      0x1e8 ./Drivers/STM32G4xx_HAL_Driver/Src/stm32g4xx_hal_rcc.o
                0x00000000080027c0                HAL_RCC_ClockConfig
 .text.HAL_RCC_GetPCLK1Freq
                0x00000000080029a8       0x24 ./Drivers/STM32G4xx_HAL_Driver/Src/stm32g4xx_hal_rcc.o
                0x00000000080029a8                HAL_RCC_GetPCLK1Freq
 .text.HAL_RCC_GetPCLK2Freq
                0x00000000080029cc       0x24 ./Drivers/STM32G4xx_HAL_Driver/Src/stm32g4xx_hal_rcc.o
                0x00000000080029cc                HAL_RCC_GetPCLK2Freq
 .text.HAL_RCCEx_PeriphCLKConfig
                0x00000000080029f0      0x2f0 ./Drivers/STM32G4xx_HAL_Driver/Src/stm32g4xx_hal_rcc_ex.o
                0x00000000080029f0                HAL_RCCEx_PeriphCLKConfig
 .text.HAL_RTC_WaitForSynchro
                0x0000000008002ce0       0x30 ./Drivers/STM32G4xx_HAL_Driver/Src/stm32g4xx_hal_rtc.o
                0x0000000008002ce0                HAL_RTC_WaitForSynchro
 .text.RTC_EnterInitMode
                0x0000000008002d10       0x46 ./Drivers/STM32G4xx_HAL_Driver/Src/stm32g4xx_hal_rtc.o
                0x0000000008002d10                RTC_EnterInitMode
 .text.RTC_ExitInitMode
                0x0000000008002d56       0x42 ./Drivers/STM32G4xx_HAL_Driver/Src/stm32g4xx_hal_rtc.o
                0x0000000008002d56                RTC_ExitInitMode
 .text.HAL_RTC_Init
                0x0000000008002d98       0x98 ./Drivers/STM32G4xx_HAL_Driver/Src/stm32g4xx_hal_rtc.o
                0x0000000008002d98                HAL_RTC_Init
 .text.HAL_RTCEx_BKUPWrite
                0x0000000008002e30        0xe ./Drivers/STM32G4xx_HAL_Driver/Src/stm32g4xx_hal_rtc_ex.o
                0x0000000008002e30                HAL_RTCEx_BKUPWrite
 .text.HAL_RTCEx_BKUPRead
                0x0000000008002e3e        0xe ./Drivers/STM32G4xx_HAL_Driver/Src/stm32g4xx_hal_rtc_ex.o
                0x0000000008002e3e                HAL_RTCEx_BKUPRead
 .text.UART_EndRxTransfer
                0x0000000008002e4c       0x58 ./Drivers/STM32G4xx_HAL_Driver/Src/stm32g4xx_hal_uart.o
 .text.HAL_UART_TxCpltCallback
                0x0000000008002ea4        0x2 ./Drivers/STM32G4xx_HAL_Driver/Src/stm32g4xx_hal_uart.o
                0x0000000008002ea4                HAL_UART_TxCpltCallback
 .text.HAL_UART_ErrorCallback
                0x0000000008002ea6        0x2 ./Drivers/STM32G4xx_HAL_Driver/Src/stm32g4xx_hal_uart.o
                0x0000000008002ea6                HAL_UART_ErrorCallback
 .text.UART_DMAAbortOnError
                0x0000000008002ea8       0x14 ./Drivers/STM32G4xx_HAL_Driver/Src/stm32g4xx_hal_uart.o
 .text.HAL_UARTEx_RxEventCallback
                0x0000000008002ebc        0x2 ./Drivers/STM32G4xx_HAL_Driver/Src/stm32g4xx_hal_uart.o
                0x0000000008002ebc                HAL_UARTEx_RxEventCallback
 *fill*         0x0000000008002ebe        0x2 
 .text.HAL_UART_IRQHandler
                0x0000000008002ec0      0x2f8 ./Drivers/STM32G4xx_HAL_Driver/Src/stm32g4xx_hal_uart.o
                0x0000000008002ec0                HAL_UART_IRQHandler
 .text.UART_RxISR_8BIT
                0x00000000080031b8       0xcc ./Drivers/STM32G4xx_HAL_Driver/Src/stm32g4xx_hal_uart.o
 .text.UART_RxISR_16BIT
                0x0000000008003284       0xc4 ./Drivers/STM32G4xx_HAL_Driver/Src/stm32g4xx_hal_uart.o
 .text.UART_RxISR_8BIT_FIFOEN
                0x0000000008003348      0x19c ./Drivers/STM32G4xx_HAL_Driver/Src/stm32g4xx_hal_uart.o
 .text.UART_RxISR_16BIT_FIFOEN
                0x00000000080034e4      0x198 ./Drivers/STM32G4xx_HAL_Driver/Src/stm32g4xx_hal_uart.o
 .text.UART_SetConfig
                0x000000000800367c      0x2cc ./Drivers/STM32G4xx_HAL_Driver/Src/stm32g4xx_hal_uart.o
                0x000000000800367c                UART_SetConfig
 .text.UART_AdvFeatureConfig
                0x0000000008003948       0xa8 ./Drivers/STM32G4xx_HAL_Driver/Src/stm32g4xx_hal_uart.o
                0x0000000008003948                UART_AdvFeatureConfig
 .text.UART_WaitOnFlagUntilTimeout
                0x00000000080039f0       0x90 ./Drivers/STM32G4xx_HAL_Driver/Src/stm32g4xx_hal_uart.o
                0x00000000080039f0                UART_WaitOnFlagUntilTimeout
 .text.UART_CheckIdleState
                0x0000000008003a80       0xb8 ./Drivers/STM32G4xx_HAL_Driver/Src/stm32g4xx_hal_uart.o
                0x0000000008003a80                UART_CheckIdleState
 .text.HAL_UART_Init
                0x0000000008003b38       0x60 ./Drivers/STM32G4xx_HAL_Driver/Src/stm32g4xx_hal_uart.o
                0x0000000008003b38                HAL_UART_Init
 .text.UART_Start_Receive_IT
                0x0000000008003b98      0x110 ./Drivers/STM32G4xx_HAL_Driver/Src/stm32g4xx_hal_uart.o
                0x0000000008003b98                UART_Start_Receive_IT
 .text.HAL_UART_Receive_IT
                0x0000000008003ca8       0x44 ./Drivers/STM32G4xx_HAL_Driver/Src/stm32g4xx_hal_uart.o
                0x0000000008003ca8                HAL_UART_Receive_IT
 .text.UARTEx_SetNbDataToProcess
                0x0000000008003cec       0x44 ./Drivers/STM32G4xx_HAL_Driver/Src/stm32g4xx_hal_uart_ex.o
 .text.HAL_UARTEx_WakeupCallback
                0x0000000008003d30        0x2 ./Drivers/STM32G4xx_HAL_Driver/Src/stm32g4xx_hal_uart_ex.o
                0x0000000008003d30                HAL_UARTEx_WakeupCallback
 .text.HAL_UARTEx_RxFifoFullCallback
                0x0000000008003d32        0x2 ./Drivers/STM32G4xx_HAL_Driver/Src/stm32g4xx_hal_uart_ex.o
                0x0000000008003d32                HAL_UARTEx_RxFifoFullCallback
 .text.HAL_UARTEx_TxFifoEmptyCallback
                0x0000000008003d34        0x2 ./Drivers/STM32G4xx_HAL_Driver/Src/stm32g4xx_hal_uart_ex.o
                0x0000000008003d34                HAL_UARTEx_TxFifoEmptyCallback
 .text.HAL_UARTEx_DisableFifoMode
                0x0000000008003d36       0x36 ./Drivers/STM32G4xx_HAL_Driver/Src/stm32g4xx_hal_uart_ex.o
                0x0000000008003d36                HAL_UARTEx_DisableFifoMode
 .text.HAL_UARTEx_SetTxFifoThreshold
                0x0000000008003d6c       0x40 ./Drivers/STM32G4xx_HAL_Driver/Src/stm32g4xx_hal_uart_ex.o
                0x0000000008003d6c                HAL_UARTEx_SetTxFifoThreshold
 .text.HAL_UARTEx_SetRxFifoThreshold
                0x0000000008003dac       0x40 ./Drivers/STM32G4xx_HAL_Driver/Src/stm32g4xx_hal_uart_ex.o
                0x0000000008003dac                HAL_UARTEx_SetRxFifoThreshold
 .text.USB_EnableGlobalInt
                0x0000000008003dec       0x12 ./Drivers/STM32G4xx_HAL_Driver/Src/stm32g4xx_ll_usb.o
                0x0000000008003dec                USB_EnableGlobalInt
 .text.USB_DisableGlobalInt
                0x0000000008003dfe       0x14 ./Drivers/STM32G4xx_HAL_Driver/Src/stm32g4xx_ll_usb.o
                0x0000000008003dfe                USB_DisableGlobalInt
 .text.USB_DevInit
                0x0000000008003e12       0x22 ./Drivers/STM32G4xx_HAL_Driver/Src/stm32g4xx_ll_usb.o
                0x0000000008003e12                USB_DevInit
 .text.USB_ActivateEndpoint
                0x0000000008003e34      0x2c8 ./Drivers/STM32G4xx_HAL_Driver/Src/stm32g4xx_ll_usb.o
                0x0000000008003e34                USB_ActivateEndpoint
 .text.USB_DeactivateEndpoint
                0x00000000080040fc      0x1a6 ./Drivers/STM32G4xx_HAL_Driver/Src/stm32g4xx_ll_usb.o
                0x00000000080040fc                USB_DeactivateEndpoint
 .text.USB_EPSetStall
                0x00000000080042a2       0x40 ./Drivers/STM32G4xx_HAL_Driver/Src/stm32g4xx_ll_usb.o
                0x00000000080042a2                USB_EPSetStall
 .text.USB_EPClearStall
                0x00000000080042e2       0x92 ./Drivers/STM32G4xx_HAL_Driver/Src/stm32g4xx_ll_usb.o
                0x00000000080042e2                USB_EPClearStall
 .text.USB_SetDevAddress
                0x0000000008004374        0xc ./Drivers/STM32G4xx_HAL_Driver/Src/stm32g4xx_ll_usb.o
                0x0000000008004374                USB_SetDevAddress
 .text.USB_DevConnect
                0x0000000008004380       0x16 ./Drivers/STM32G4xx_HAL_Driver/Src/stm32g4xx_ll_usb.o
                0x0000000008004380                USB_DevConnect
 .text.USB_ReadInterrupts
                0x0000000008004396        0x8 ./Drivers/STM32G4xx_HAL_Driver/Src/stm32g4xx_ll_usb.o
                0x0000000008004396                USB_ReadInterrupts
 .text.USB_WritePMA
                0x000000000800439e       0x1e ./Drivers/STM32G4xx_HAL_Driver/Src/stm32g4xx_ll_usb.o
                0x000000000800439e                USB_WritePMA
 .text.USB_EPStartXfer
                0x00000000080043bc      0x480 ./Drivers/STM32G4xx_HAL_Driver/Src/stm32g4xx_ll_usb.o
                0x00000000080043bc                USB_EPStartXfer
 .text.USB_ReadPMA
                0x000000000800483c       0x36 ./Drivers/STM32G4xx_HAL_Driver/Src/stm32g4xx_ll_usb.o
                0x000000000800483c                USB_ReadPMA
 .text.USBD_CDC_EP0_RxReady
                0x0000000008004872       0x2e ./Middlewares/ST/STM32_USB_Device_Library/Class/CDC/Src/usbd_cdc.o
 .text.USBD_CDC_GetFSCfgDesc
                0x00000000080048a0        0xc ./Middlewares/ST/STM32_USB_Device_Library/Class/CDC/Src/usbd_cdc.o
 .text.USBD_CDC_GetHSCfgDesc
                0x00000000080048ac        0xc ./Middlewares/ST/STM32_USB_Device_Library/Class/CDC/Src/usbd_cdc.o
 .text.USBD_CDC_GetOtherSpeedCfgDesc
                0x00000000080048b8        0xc ./Middlewares/ST/STM32_USB_Device_Library/Class/CDC/Src/usbd_cdc.o
 .text.USBD_CDC_GetDeviceQualifierDescriptor
                0x00000000080048c4        0xc ./Middlewares/ST/STM32_USB_Device_Library/Class/CDC/Src/usbd_cdc.o
                0x00000000080048c4                USBD_CDC_GetDeviceQualifierDescriptor
 .text.USBD_CDC_DataOut
                0x00000000080048d0       0x2a ./Middlewares/ST/STM32_USB_Device_Library/Class/CDC/Src/usbd_cdc.o
 .text.USBD_CDC_DataIn
                0x00000000080048fa       0x5e ./Middlewares/ST/STM32_USB_Device_Library/Class/CDC/Src/usbd_cdc.o
 .text.USBD_CDC_Setup
                0x0000000008004958       0xf8 ./Middlewares/ST/STM32_USB_Device_Library/Class/CDC/Src/usbd_cdc.o
 .text.USBD_CDC_DeInit
                0x0000000008004a50       0x42 ./Middlewares/ST/STM32_USB_Device_Library/Class/CDC/Src/usbd_cdc.o
 .text.USBD_CDC_Init
                0x0000000008004a92       0xac ./Middlewares/ST/STM32_USB_Device_Library/Class/CDC/Src/usbd_cdc.o
 .text.USBD_CDC_RegisterInterface
                0x0000000008004b3e        0xe ./Middlewares/ST/STM32_USB_Device_Library/Class/CDC/Src/usbd_cdc.o
                0x0000000008004b3e                USBD_CDC_RegisterInterface
 .text.USBD_CDC_SetTxBuffer
                0x0000000008004b4c       0x16 ./Middlewares/ST/STM32_USB_Device_Library/Class/CDC/Src/usbd_cdc.o
                0x0000000008004b4c                USBD_CDC_SetTxBuffer
 .text.USBD_CDC_SetRxBuffer
                0x0000000008004b62       0x12 ./Middlewares/ST/STM32_USB_Device_Library/Class/CDC/Src/usbd_cdc.o
                0x0000000008004b62                USBD_CDC_SetRxBuffer
 .text.USBD_CDC_ReceivePacket
                0x0000000008004b74       0x2e ./Middlewares/ST/STM32_USB_Device_Library/Class/CDC/Src/usbd_cdc.o
                0x0000000008004b74                USBD_CDC_ReceivePacket
 .text.USBD_Init
                0x0000000008004ba2       0x26 ./Middlewares/ST/STM32_USB_Device_Library/Core/Src/usbd_core.o
                0x0000000008004ba2                USBD_Init
 .text.USBD_RegisterClass
                0x0000000008004bc8       0x2c ./Middlewares/ST/STM32_USB_Device_Library/Core/Src/usbd_core.o
                0x0000000008004bc8                USBD_RegisterClass
 .text.USBD_Start
                0x0000000008004bf4        0x4 ./Middlewares/ST/STM32_USB_Device_Library/Core/Src/usbd_core.o
                0x0000000008004bf4                USBD_Start
 .text.USBD_SetClassConfig
                0x0000000008004bf8        0xe ./Middlewares/ST/STM32_USB_Device_Library/Core/Src/usbd_core.o
                0x0000000008004bf8                USBD_SetClassConfig
 .text.USBD_ClrClassConfig
                0x0000000008004c06       0x10 ./Middlewares/ST/STM32_USB_Device_Library/Core/Src/usbd_core.o
                0x0000000008004c06                USBD_ClrClassConfig
 .text.USBD_LL_SetupStage
                0x0000000008004c16       0x60 ./Middlewares/ST/STM32_USB_Device_Library/Core/Src/usbd_core.o
                0x0000000008004c16                USBD_LL_SetupStage
 .text.USBD_LL_DataOutStage
                0x0000000008004c76       0x60 ./Middlewares/ST/STM32_USB_Device_Library/Core/Src/usbd_core.o
                0x0000000008004c76                USBD_LL_DataOutStage
 .text.USBD_LL_DataInStage
                0x0000000008004cd6       0xa4 ./Middlewares/ST/STM32_USB_Device_Library/Core/Src/usbd_core.o
                0x0000000008004cd6                USBD_LL_DataInStage
 .text.USBD_LL_Reset
                0x0000000008004d7a       0x58 ./Middlewares/ST/STM32_USB_Device_Library/Core/Src/usbd_core.o
                0x0000000008004d7a                USBD_LL_Reset
 .text.USBD_LL_SetSpeed
                0x0000000008004dd2        0x6 ./Middlewares/ST/STM32_USB_Device_Library/Core/Src/usbd_core.o
                0x0000000008004dd2                USBD_LL_SetSpeed
 .text.USBD_LL_Suspend
                0x0000000008004dd8       0x14 ./Middlewares/ST/STM32_USB_Device_Library/Core/Src/usbd_core.o
                0x0000000008004dd8                USBD_LL_Suspend
 .text.USBD_LL_Resume
                0x0000000008004dec       0x16 ./Middlewares/ST/STM32_USB_Device_Library/Core/Src/usbd_core.o
                0x0000000008004dec                USBD_LL_Resume
 .text.USBD_LL_SOF
                0x0000000008004e02       0x22 ./Middlewares/ST/STM32_USB_Device_Library/Core/Src/usbd_core.o
                0x0000000008004e02                USBD_LL_SOF
 .text.USBD_CtlError.constprop.0
                0x0000000008004e24       0x16 ./Middlewares/ST/STM32_USB_Device_Library/Core/Src/usbd_ctlreq.o
 *fill*         0x0000000008004e3a        0x2 
 .text.USBD_StdDevReq
                0x0000000008004e3c      0x294 ./Middlewares/ST/STM32_USB_Device_Library/Core/Src/usbd_ctlreq.o
                0x0000000008004e3c                USBD_StdDevReq
 .text.USBD_StdItfReq
                0x00000000080050d0       0x4c ./Middlewares/ST/STM32_USB_Device_Library/Core/Src/usbd_ctlreq.o
                0x00000000080050d0                USBD_StdItfReq
 .text.USBD_StdEPReq
                0x000000000800511c      0x11c ./Middlewares/ST/STM32_USB_Device_Library/Core/Src/usbd_ctlreq.o
                0x000000000800511c                USBD_StdEPReq
 .text.USBD_ParseSetupRequest
                0x0000000008005238       0x16 ./Middlewares/ST/STM32_USB_Device_Library/Core/Src/usbd_ctlreq.o
                0x0000000008005238                USBD_ParseSetupRequest
 .text.USBD_CtlError
                0x000000000800524e       0x16 ./Middlewares/ST/STM32_USB_Device_Library/Core/Src/usbd_ctlreq.o
                0x000000000800524e                USBD_CtlError
 .text.USBD_GetString
                0x0000000008005264       0x38 ./Middlewares/ST/STM32_USB_Device_Library/Core/Src/usbd_ctlreq.o
                0x0000000008005264                USBD_GetString
 .text.USBD_CtlSendData
                0x000000000800529c       0x1a ./Middlewares/ST/STM32_USB_Device_Library/Core/Src/usbd_ioreq.o
                0x000000000800529c                USBD_CtlSendData
 .text.USBD_CtlContinueSendData
                0x00000000080052b6       0x10 ./Middlewares/ST/STM32_USB_Device_Library/Core/Src/usbd_ioreq.o
                0x00000000080052b6                USBD_CtlContinueSendData
 .text.USBD_CtlPrepareRx
                0x00000000080052c6       0x1a ./Middlewares/ST/STM32_USB_Device_Library/Core/Src/usbd_ioreq.o
                0x00000000080052c6                USBD_CtlPrepareRx
 .text.USBD_CtlContinueRx
                0x00000000080052e0       0x10 ./Middlewares/ST/STM32_USB_Device_Library/Core/Src/usbd_ioreq.o
                0x00000000080052e0                USBD_CtlContinueRx
 .text.USBD_CtlSendStatus
                0x00000000080052f0       0x16 ./Middlewares/ST/STM32_USB_Device_Library/Core/Src/usbd_ioreq.o
                0x00000000080052f0                USBD_CtlSendStatus
 .text.USBD_CtlReceiveStatus
                0x0000000008005306       0x16 ./Middlewares/ST/STM32_USB_Device_Library/Core/Src/usbd_ioreq.o
                0x0000000008005306                USBD_CtlReceiveStatus
 .text.svCLI_Printf
                0x000000000800531c       0x40 ./Middlewares/Solvine/Utils/src/svCLI.o
 .text.svCLI_ShowHelp
                0x000000000800535c       0xa8 ./Middlewares/Solvine/Utils/src/svCLI.o
                0x000000000800535c                svCLI_ShowHelp
 .text.CLI_Help
                0x0000000008005404        0x4 ./Middlewares/Solvine/Utils/src/svCLI.o
 .text.svRingBuffer_Reset
                0x0000000008005408        0xe ./Middlewares/Solvine/Utils/src/svRingBuffer.o
                0x0000000008005408                svRingBuffer_Reset
 .text.svRingBuffer_Push
                0x0000000008005416       0x34 ./Middlewares/Solvine/Utils/src/svRingBuffer.o
                0x0000000008005416                svRingBuffer_Push
 .text.lwrb_get_free
                0x000000000800544a       0x24 ./Middlewares/Third_Party/lwrb/src/lwrb.o
                0x000000000800544a                lwrb_get_free
 .text.lwrb_write
                0x000000000800546e       0x8c ./Middlewares/Third_Party/lwrb/src/lwrb.o
                0x000000000800546e                lwrb_write
 *fill*         0x00000000080054fa        0x2 
 .text.MX_USB_Device_Init
                0x00000000080054fc       0x50 ./USB_Device/App/usb_device.o
                0x00000000080054fc                MX_USB_Device_Init
 .text.CDC_DeInit_FS
                0x000000000800554c        0x4 ./USB_Device/App/usbd_cdc_if.o
 .text.CDC_Control_FS
                0x0000000008005550        0x4 ./USB_Device/App/usbd_cdc_if.o
 .text.CDC_TransmitCplt_FS
                0x0000000008005554        0x4 ./USB_Device/App/usbd_cdc_if.o
 .text.CDC_Receive_FS
                0x0000000008005558       0x1c ./USB_Device/App/usbd_cdc_if.o
 .text.CDC_Init_FS
                0x0000000008005574       0x28 ./USB_Device/App/usbd_cdc_if.o
 .text.USBD_CDC_DeviceDescriptor
                0x000000000800559c        0xc ./USB_Device/App/usbd_desc.o
                0x000000000800559c                USBD_CDC_DeviceDescriptor
 .text.USBD_CDC_LangIDStrDescriptor
                0x00000000080055a8        0xc ./USB_Device/App/usbd_desc.o
                0x00000000080055a8                USBD_CDC_LangIDStrDescriptor
 .text.IntToUnicode
                0x00000000080055b4       0x2a ./USB_Device/App/usbd_desc.o
 *fill*         0x00000000080055de        0x2 
 .text.USBD_CDC_SerialStrDescriptor
                0x00000000080055e0       0x3c ./USB_Device/App/usbd_desc.o
                0x00000000080055e0                USBD_CDC_SerialStrDescriptor
 .text.USBD_CDC_ManufacturerStrDescriptor
                0x000000000800561c       0x1c ./USB_Device/App/usbd_desc.o
                0x000000000800561c                USBD_CDC_ManufacturerStrDescriptor
 .text.USBD_CDC_ProductStrDescriptor
                0x0000000008005638       0x1c ./USB_Device/App/usbd_desc.o
                0x0000000008005638                USBD_CDC_ProductStrDescriptor
 .text.USBD_CDC_ConfigStrDescriptor
                0x0000000008005654       0x1c ./USB_Device/App/usbd_desc.o
                0x0000000008005654                USBD_CDC_ConfigStrDescriptor
 .text.USBD_CDC_InterfaceStrDescriptor
                0x0000000008005670       0x1c ./USB_Device/App/usbd_desc.o
                0x0000000008005670                USBD_CDC_InterfaceStrDescriptor
 .text.USBD_Get_USB_Status
                0x000000000800568c       0x10 ./USB_Device/Target/usbd_conf.o
 .text.HAL_PCD_MspInit
                0x000000000800569c       0x5c ./USB_Device/Target/usbd_conf.o
                0x000000000800569c                HAL_PCD_MspInit
 .text.HAL_PCD_SetupStageCallback
                0x00000000080056f8        0xc ./USB_Device/Target/usbd_conf.o
                0x00000000080056f8                HAL_PCD_SetupStageCallback
 .text.HAL_PCD_DataOutStageCallback
                0x0000000008005704       0x12 ./USB_Device/Target/usbd_conf.o
                0x0000000008005704                HAL_PCD_DataOutStageCallback
 .text.HAL_PCD_DataInStageCallback
                0x0000000008005716       0x10 ./USB_Device/Target/usbd_conf.o
                0x0000000008005716                HAL_PCD_DataInStageCallback
 .text.HAL_PCD_SOFCallback
                0x0000000008005726        0x8 ./USB_Device/Target/usbd_conf.o
                0x0000000008005726                HAL_PCD_SOFCallback
 .text.HAL_PCD_ResetCallback
                0x000000000800572e       0x24 ./USB_Device/Target/usbd_conf.o
                0x000000000800572e                HAL_PCD_ResetCallback
 *fill*         0x0000000008005752        0x2 
 .text.HAL_PCD_SuspendCallback
                0x0000000008005754       0x20 ./USB_Device/Target/usbd_conf.o
                0x0000000008005754                HAL_PCD_SuspendCallback
 .text.HAL_PCD_ResumeCallback
                0x0000000008005774       0x28 ./USB_Device/Target/usbd_conf.o
                0x0000000008005774                HAL_PCD_ResumeCallback
 .text.USBD_LL_Init
                0x000000000800579c       0x80 ./USB_Device/Target/usbd_conf.o
                0x000000000800579c                USBD_LL_Init
 .text.USBD_LL_Start
                0x000000000800581c       0x12 ./USB_Device/Target/usbd_conf.o
                0x000000000800581c                USBD_LL_Start
 .text.USBD_LL_OpenEP
                0x000000000800582e       0x18 ./USB_Device/Target/usbd_conf.o
                0x000000000800582e                USBD_LL_OpenEP
 .text.USBD_LL_CloseEP
                0x0000000008005846       0x12 ./USB_Device/Target/usbd_conf.o
                0x0000000008005846                USBD_LL_CloseEP
 .text.USBD_LL_StallEP
                0x0000000008005858       0x12 ./USB_Device/Target/usbd_conf.o
                0x0000000008005858                USBD_LL_StallEP
 .text.USBD_LL_ClearStallEP
                0x000000000800586a       0x12 ./USB_Device/Target/usbd_conf.o
                0x000000000800586a                USBD_LL_ClearStallEP
 .text.USBD_LL_IsStallEP
                0x000000000800587c       0x24 ./USB_Device/Target/usbd_conf.o
                0x000000000800587c                USBD_LL_IsStallEP
 .text.USBD_LL_SetUSBAddress
                0x00000000080058a0       0x12 ./USB_Device/Target/usbd_conf.o
                0x00000000080058a0                USBD_LL_SetUSBAddress
 .text.USBD_LL_Transmit
                0x00000000080058b2       0x12 ./USB_Device/Target/usbd_conf.o
                0x00000000080058b2                USBD_LL_Transmit
 .text.USBD_LL_PrepareReceive
                0x00000000080058c4       0x12 ./USB_Device/Target/usbd_conf.o
                0x00000000080058c4                USBD_LL_PrepareReceive
 .text.USBD_LL_GetRxDataSize
                0x00000000080058d6        0x8 ./USB_Device/Target/usbd_conf.o
                0x00000000080058d6                USBD_LL_GetRxDataSize
 *fill*         0x00000000080058de        0x2 
 .text.HAL_PCDEx_LPM_Callback
                0x00000000080058e0       0x48 ./USB_Device/Target/usbd_conf.o
                0x00000000080058e0                HAL_PCDEx_LPM_Callback
 .text.USBD_static_malloc
                0x0000000008005928        0x8 ./USB_Device/Target/usbd_conf.o
                0x0000000008005928                USBD_static_malloc
 .text.USBD_static_free
                0x0000000008005930        0x2 ./USB_Device/Target/usbd_conf.o
                0x0000000008005930                USBD_static_free
 *fill*         0x0000000008005932        0x2 
 .text.sbrk_aligned
                0x0000000008005934       0x40 C:/ST/STM32CubeIDE_1.14.0/STM32CubeIDE/plugins/com.st.stm32cube.ide.mcu.externaltools.gnu-tools-for-stm32.11.3.rel1.win32_1.1.100.202309141235/tools/bin/../lib/gcc/arm-none-eabi/11.3.1/../../../../arm-none-eabi/lib/thumb/v7e-m+fp/hard\libc_nano.a(libc_a-mallocr.o)
 .text._malloc_r
                0x0000000008005974      0x100 C:/ST/STM32CubeIDE_1.14.0/STM32CubeIDE/plugins/com.st.stm32cube.ide.mcu.externaltools.gnu-tools-for-stm32.11.3.rel1.win32_1.1.100.202309141235/tools/bin/../lib/gcc/arm-none-eabi/11.3.1/../../../../arm-none-eabi/lib/thumb/v7e-m+fp/hard\libc_nano.a(libc_a-mallocr.o)
                0x0000000008005974                _malloc_r
 .text.__malloc_lock
                0x0000000008005a74        0xc C:/ST/STM32CubeIDE_1.14.0/STM32CubeIDE/plugins/com.st.stm32cube.ide.mcu.externaltools.gnu-tools-for-stm32.11.3.rel1.win32_1.1.100.202309141235/tools/bin/../lib/gcc/arm-none-eabi/11.3.1/../../../../arm-none-eabi/lib/thumb/v7e-m+fp/hard\libc_nano.a(libc_a-mlock.o)
                0x0000000008005a74                __malloc_lock
 .text.__malloc_unlock
                0x0000000008005a80        0xc C:/ST/STM32CubeIDE_1.14.0/STM32CubeIDE/plugins/com.st.stm32cube.ide.mcu.externaltools.gnu-tools-for-stm32.11.3.rel1.win32_1.1.100.202309141235/tools/bin/../lib/gcc/arm-none-eabi/11.3.1/../../../../arm-none-eabi/lib/thumb/v7e-m+fp/hard\libc_nano.a(libc_a-mlock.o)
                0x0000000008005a80                __malloc_unlock
 .text._vsprintf_r
                0x0000000008005a8c       0x2c C:/ST/STM32CubeIDE_1.14.0/STM32CubeIDE/plugins/com.st.stm32cube.ide.mcu.externaltools.gnu-tools-for-stm32.11.3.rel1.win32_1.1.100.202309141235/tools/bin/../lib/gcc/arm-none-eabi/11.3.1/../../../../arm-none-eabi/lib/thumb/v7e-m+fp/hard\libc_nano.a(libc_a-vsprintf.o)
                0x0000000008005a8c                _vsprintf_r
                0x0000000008005a8c                _vsiprintf_r
 .text.vsprintf
                0x0000000008005ab8       0x14 C:/ST/STM32CubeIDE_1.14.0/STM32CubeIDE/plugins/com.st.stm32cube.ide.mcu.externaltools.gnu-tools-for-stm32.11.3.rel1.win32_1.1.100.202309141235/tools/bin/../lib/gcc/arm-none-eabi/11.3.1/../../../../arm-none-eabi/lib/thumb/v7e-m+fp/hard\libc_nano.a(libc_a-vsprintf.o)
                0x0000000008005ab8                vsiprintf
                0x0000000008005ab8                vsprintf
 .text.memset   0x0000000008005acc       0x10 C:/ST/STM32CubeIDE_1.14.0/STM32CubeIDE/plugins/com.st.stm32cube.ide.mcu.externaltools.gnu-tools-for-stm32.11.3.rel1.win32_1.1.100.202309141235/tools/bin/../lib/gcc/arm-none-eabi/11.3.1/../../../../arm-none-eabi/lib/thumb/v7e-m+fp/hard\libc_nano.a(libc_a-memset.o)
                0x0000000008005acc                memset
 .text._sbrk_r  0x0000000008005adc       0x20 C:/ST/STM32CubeIDE_1.14.0/STM32CubeIDE/plugins/com.st.stm32cube.ide.mcu.externaltools.gnu-tools-for-stm32.11.3.rel1.win32_1.1.100.202309141235/tools/bin/../lib/gcc/arm-none-eabi/11.3.1/../../../../arm-none-eabi/lib/thumb/v7e-m+fp/hard\libc_nano.a(libc_a-sbrkr.o)
                0x0000000008005adc                _sbrk_r
 .text.__errno  0x0000000008005afc        0xc C:/ST/STM32CubeIDE_1.14.0/STM32CubeIDE/plugins/com.st.stm32cube.ide.mcu.externaltools.gnu-tools-for-stm32.11.3.rel1.win32_1.1.100.202309141235/tools/bin/../lib/gcc/arm-none-eabi/11.3.1/../../../../arm-none-eabi/lib/thumb/v7e-m+fp/hard\libc_nano.a(libc_a-errno.o)
                0x0000000008005afc                __errno
 .text.__libc_init_array
                0x0000000008005b08       0x48 C:/ST/STM32CubeIDE_1.14.0/STM32CubeIDE/plugins/com.st.stm32cube.ide.mcu.externaltools.gnu-tools-for-stm32.11.3.rel1.win32_1.1.100.202309141235/tools/bin/../lib/gcc/arm-none-eabi/11.3.1/../../../../arm-none-eabi/lib/thumb/v7e-m+fp/hard\libc_nano.a(libc_a-init.o)
                0x0000000008005b08                __libc_init_array
 .text.__retarget_lock_acquire_recursive
                0x0000000008005b50        0x2 C:/ST/STM32CubeIDE_1.14.0/STM32CubeIDE/plugins/com.st.stm32cube.ide.mcu.externaltools.gnu-tools-for-stm32.11.3.rel1.win32_1.1.100.202309141235/tools/bin/../lib/gcc/arm-none-eabi/11.3.1/../../../../arm-none-eabi/lib/thumb/v7e-m+fp/hard\libc_nano.a(libc_a-lock.o)
                0x0000000008005b50                __retarget_lock_acquire_recursive
 .text.__retarget_lock_release_recursive
                0x0000000008005b52        0x2 C:/ST/STM32CubeIDE_1.14.0/STM32CubeIDE/plugins/com.st.stm32cube.ide.mcu.externaltools.gnu-tools-for-stm32.11.3.rel1.win32_1.1.100.202309141235/tools/bin/../lib/gcc/arm-none-eabi/11.3.1/../../../../arm-none-eabi/lib/thumb/v7e-m+fp/hard\libc_nano.a(libc_a-lock.o)
                0x0000000008005b52                __retarget_lock_release_recursive
 .text.memcpy   0x0000000008005b54       0x1c C:/ST/STM32CubeIDE_1.14.0/STM32CubeIDE/plugins/com.st.stm32cube.ide.mcu.externaltools.gnu-tools-for-stm32.11.3.rel1.win32_1.1.100.202309141235/tools/bin/../lib/gcc/arm-none-eabi/11.3.1/../../../../arm-none-eabi/lib/thumb/v7e-m+fp/hard\libc_nano.a(libc_a-memcpy-stub.o)
                0x0000000008005b54                memcpy
 .text._free_r  0x0000000008005b70       0x98 C:/ST/STM32CubeIDE_1.14.0/STM32CubeIDE/plugins/com.st.stm32cube.ide.mcu.externaltools.gnu-tools-for-stm32.11.3.rel1.win32_1.1.100.202309141235/tools/bin/../lib/gcc/arm-none-eabi/11.3.1/../../../../arm-none-eabi/lib/thumb/v7e-m+fp/hard\libc_nano.a(libc_a-freer.o)
                0x0000000008005b70                _free_r
 .text.__ssputs_r
                0x0000000008005c08       0xb4 C:/ST/STM32CubeIDE_1.14.0/STM32CubeIDE/plugins/com.st.stm32cube.ide.mcu.externaltools.gnu-tools-for-stm32.11.3.rel1.win32_1.1.100.202309141235/tools/bin/../lib/gcc/arm-none-eabi/11.3.1/../../../../arm-none-eabi/lib/thumb/v7e-m+fp/hard\libc_nano.a(libc_a-nano-svfprintf.o)
                0x0000000008005c08                __ssputs_r
 .text._svfprintf_r
                0x0000000008005cbc      0x1fc C:/ST/STM32CubeIDE_1.14.0/STM32CubeIDE/plugins/com.st.stm32cube.ide.mcu.externaltools.gnu-tools-for-stm32.11.3.rel1.win32_1.1.100.202309141235/tools/bin/../lib/gcc/arm-none-eabi/11.3.1/../../../../arm-none-eabi/lib/thumb/v7e-m+fp/hard\libc_nano.a(libc_a-nano-svfprintf.o)
                0x0000000008005cbc                _svfiprintf_r
                0x0000000008005cbc                _svfprintf_r
 .text._printf_common
                0x0000000008005eb8       0xda C:/ST/STM32CubeIDE_1.14.0/STM32CubeIDE/plugins/com.st.stm32cube.ide.mcu.externaltools.gnu-tools-for-stm32.11.3.rel1.win32_1.1.100.202309141235/tools/bin/../lib/gcc/arm-none-eabi/11.3.1/../../../../arm-none-eabi/lib/thumb/v7e-m+fp/hard\libc_nano.a(libc_a-nano-vfprintf_i.o)
                0x0000000008005eb8                _printf_common
 *fill*         0x0000000008005f92        0x2 
 .text._printf_i
                0x0000000008005f94      0x244 C:/ST/STM32CubeIDE_1.14.0/STM32CubeIDE/plugins/com.st.stm32cube.ide.mcu.externaltools.gnu-tools-for-stm32.11.3.rel1.win32_1.1.100.202309141235/tools/bin/../lib/gcc/arm-none-eabi/11.3.1/../../../../arm-none-eabi/lib/thumb/v7e-m+fp/hard\libc_nano.a(libc_a-nano-vfprintf_i.o)
                0x0000000008005f94                _printf_i
 .text.memmove  0x00000000080061d8       0x34 C:/ST/STM32CubeIDE_1.14.0/STM32CubeIDE/plugins/com.st.stm32cube.ide.mcu.externaltools.gnu-tools-for-stm32.11.3.rel1.win32_1.1.100.202309141235/tools/bin/../lib/gcc/arm-none-eabi/11.3.1/../../../../arm-none-eabi/lib/thumb/v7e-m+fp/hard\libc_nano.a(libc_a-memmove.o)
                0x00000000080061d8                memmove
 .text._realloc_r
                0x000000000800620c       0x5e C:/ST/STM32CubeIDE_1.14.0/STM32CubeIDE/plugins/com.st.stm32cube.ide.mcu.externaltools.gnu-tools-for-stm32.11.3.rel1.win32_1.1.100.202309141235/tools/bin/../lib/gcc/arm-none-eabi/11.3.1/../../../../arm-none-eabi/lib/thumb/v7e-m+fp/hard\libc_nano.a(libc_a-reallocr.o)
                0x000000000800620c                _realloc_r
 .text._malloc_usable_size_r
                0x000000000800626a       0x10 C:/ST/STM32CubeIDE_1.14.0/STM32CubeIDE/plugins/com.st.stm32cube.ide.mcu.externaltools.gnu-tools-for-stm32.11.3.rel1.win32_1.1.100.202309141235/tools/bin/../lib/gcc/arm-none-eabi/11.3.1/../../../../arm-none-eabi/lib/thumb/v7e-m+fp/hard\libc_nano.a(libc_a-msizer.o)
                0x000000000800626a                _malloc_usable_size_r
 *(.glue_7)
 .glue_7        0x000000000800627a        0x0 linker stubs
 *(.glue_7t)
 .glue_7t       0x000000000800627a        0x0 linker stubs
 *(.eh_frame)
 *fill*         0x000000000800627a        0x2 
 .eh_frame      0x000000000800627c        0x0 C:/ST/STM32CubeIDE_1.14.0/STM32CubeIDE/plugins/com.st.stm32cube.ide.mcu.externaltools.gnu-tools-for-stm32.11.3.rel1.win32_1.1.100.202309141235/tools/bin/../lib/gcc/arm-none-eabi/11.3.1/thumb/v7e-m+fp/hard/crtbegin.o
 *(.init)
 .init          0x000000000800627c        0x4 C:/ST/STM32CubeIDE_1.14.0/STM32CubeIDE/plugins/com.st.stm32cube.ide.mcu.externaltools.gnu-tools-for-stm32.11.3.rel1.win32_1.1.100.202309141235/tools/bin/../lib/gcc/arm-none-eabi/11.3.1/thumb/v7e-m+fp/hard/crti.o
                0x000000000800627c                _init
 .init          0x0000000008006280        0x8 C:/ST/STM32CubeIDE_1.14.0/STM32CubeIDE/plugins/com.st.stm32cube.ide.mcu.externaltools.gnu-tools-for-stm32.11.3.rel1.win32_1.1.100.202309141235/tools/bin/../lib/gcc/arm-none-eabi/11.3.1/thumb/v7e-m+fp/hard/crtn.o
 *(.fini)
 .fini          0x0000000008006288        0x4 C:/ST/STM32CubeIDE_1.14.0/STM32CubeIDE/plugins/com.st.stm32cube.ide.mcu.externaltools.gnu-tools-for-stm32.11.3.rel1.win32_1.1.100.202309141235/tools/bin/../lib/gcc/arm-none-eabi/11.3.1/thumb/v7e-m+fp/hard/crti.o
                0x0000000008006288                _fini
 .fini          0x000000000800628c        0x8 C:/ST/STM32CubeIDE_1.14.0/STM32CubeIDE/plugins/com.st.stm32cube.ide.mcu.externaltools.gnu-tools-for-stm32.11.3.rel1.win32_1.1.100.202309141235/tools/bin/../lib/gcc/arm-none-eabi/11.3.1/thumb/v7e-m+fp/hard/crtn.o
                0x0000000008006294                . = ALIGN (0x4)
                0x0000000008006294                _etext = .

.vfp11_veneer   0x0000000008006294        0x0
 .vfp11_veneer  0x0000000008006294        0x0 linker stubs

.v4_bx          0x0000000008006294        0x0
 .v4_bx         0x0000000008006294        0x0 linker stubs

.iplt           0x0000000008006294        0x0
 .iplt          0x0000000008006294        0x0 C:/ST/STM32CubeIDE_1.14.0/STM32CubeIDE/plugins/com.st.stm32cube.ide.mcu.externaltools.gnu-tools-for-stm32.11.3.rel1.win32_1.1.100.202309141235/tools/bin/../lib/gcc/arm-none-eabi/11.3.1/thumb/v7e-m+fp/hard/crtbegin.o

.Table4CLI      0x0000000008006294       0x24
                0x0000000008006294                . = ALIGN (0x4)
                0x0000000008006294                Table4CLI_start = .
 *(.Table4CLI)
 .Table4CLI     0x0000000008006294        0xc ./Drivers/BSP/src/Flash.o
                0x0000000008006294                _SVCLI_ENTRY_FLASH_TEST
 .Table4CLI     0x00000000080062a0        0xc ./Drivers/BSP/src/LED.o
                0x00000000080062a0                _SVCLI_ENTRY_LED_TEST
 .Table4CLI     0x00000000080062ac        0xc ./Middlewares/Solvine/Utils/src/svCLI.o
                0x00000000080062ac                _SVCLI_ENTRY_HELP
                0x00000000080062b8                Table4CLI_end = .

.rodata         0x00000000080062b8      0x21c
                0x00000000080062b8                . = ALIGN (0x4)
 *(.rodata)
 *(.rodata*)
 .rodata.AHBPrescTable
                0x00000000080062b8       0x10 ./Core/Src/system_stm32g4xx.o
                0x00000000080062b8                AHBPrescTable
 .rodata.APBPrescTable
                0x00000000080062c8        0x8 ./Core/Src/system_stm32g4xx.o
                0x00000000080062c8                APBPrescTable
 .rodata.CLI_FlashTest.str1.1
                0x00000000080062d0       0xa7 ./Drivers/BSP/src/Flash.o
 .rodata.str1.1
                0x0000000008006377       0x40 ./Drivers/BSP/src/Flash.o
 .rodata.str1.1
                0x00000000080063b7       0x18 ./Drivers/BSP/src/LED.o
 .rodata.CSWTCH.60
                0x00000000080063cf        0x3 ./Drivers/STM32G4xx_HAL_Driver/Src/stm32g4xx_hal_uart.o
 .rodata.CSWTCH.61
                0x00000000080063d2        0xd ./Drivers/STM32G4xx_HAL_Driver/Src/stm32g4xx_hal_uart.o
 *fill*         0x00000000080063df        0x1 
 .rodata.UARTPrescTable
                0x00000000080063e0       0x18 ./Drivers/STM32G4xx_HAL_Driver/Src/stm32g4xx_hal_uart.o
                0x00000000080063e0                UARTPrescTable
 .rodata.denominator.0
                0x00000000080063f8        0x8 ./Drivers/STM32G4xx_HAL_Driver/Src/stm32g4xx_hal_uart_ex.o
 .rodata.numerator.1
                0x0000000008006400        0x8 ./Drivers/STM32G4xx_HAL_Driver/Src/stm32g4xx_hal_uart_ex.o
 .rodata.svCLI_ShowHelp.str1.1
                0x0000000008006408       0x3a ./Middlewares/Solvine/Utils/src/svCLI.o
                                         0x3d (size before relaxing)
 .rodata.str1.1
                0x0000000008006442       0x16 ./Middlewares/Solvine/Utils/src/svCLI.o
 .rodata.USBD_CDC_ManufacturerStrDescriptor.str1.1
                0x0000000008006458       0x13 ./USB_Device/App/usbd_desc.o
 .rodata.USBD_CDC_ProductStrDescriptor.str1.1
                0x000000000800646b       0x16 ./USB_Device/App/usbd_desc.o
 .rodata.USBD_CDC_ConfigStrDescriptor.str1.1
                0x0000000008006481        0xb ./USB_Device/App/usbd_desc.o
 .rodata.USBD_CDC_InterfaceStrDescriptor.str1.1
                0x000000000800648c        0xe ./USB_Device/App/usbd_desc.o
 .rodata.CSWTCH.3
                0x000000000800649a        0x4 ./USB_Device/Target/usbd_conf.o
 .rodata._svfprintf_r.str1.1
                0x000000000800649e       0x11 C:/ST/STM32CubeIDE_1.14.0/STM32CubeIDE/plugins/com.st.stm32cube.ide.mcu.externaltools.gnu-tools-for-stm32.11.3.rel1.win32_1.1.100.202309141235/tools/bin/../lib/gcc/arm-none-eabi/11.3.1/../../../../arm-none-eabi/lib/thumb/v7e-m+fp/hard\libc_nano.a(libc_a-nano-svfprintf.o)
 .rodata._printf_i.str1.1
                0x00000000080064af       0x22 C:/ST/STM32CubeIDE_1.14.0/STM32CubeIDE/plugins/com.st.stm32cube.ide.mcu.externaltools.gnu-tools-for-stm32.11.3.rel1.win32_1.1.100.202309141235/tools/bin/../lib/gcc/arm-none-eabi/11.3.1/../../../../arm-none-eabi/lib/thumb/v7e-m+fp/hard\libc_nano.a(libc_a-nano-vfprintf_i.o)
                0x00000000080064d4                . = ALIGN (0x4)
 *fill*         0x00000000080064d1        0x3 

.ARM.extab      0x00000000080064d4        0x0
                0x00000000080064d4                . = ALIGN (0x4)
 *(.ARM.extab* .gnu.linkonce.armextab.*)
                0x00000000080064d4                . = ALIGN (0x4)

.ARM            0x00000000080064d4        0x8
                0x00000000080064d4                . = ALIGN (0x4)
                0x00000000080064d4                __exidx_start = .
 *(.ARM.exidx*)
 .ARM.exidx     0x00000000080064d4        0x8 C:/ST/STM32CubeIDE_1.14.0/STM32CubeIDE/plugins/com.st.stm32cube.ide.mcu.externaltools.gnu-tools-for-stm32.11.3.rel1.win32_1.1.100.202309141235/tools/bin/../lib/gcc/arm-none-eabi/11.3.1/thumb/v7e-m+fp/hard\libgcc.a(_udivmoddi4.o)
                0x00000000080064dc                __exidx_end = .
                0x00000000080064dc                . = ALIGN (0x4)

.rel.dyn        0x00000000080064dc        0x0
 .rel.iplt      0x00000000080064dc        0x0 C:/ST/STM32CubeIDE_1.14.0/STM32CubeIDE/plugins/com.st.stm32cube.ide.mcu.externaltools.gnu-tools-for-stm32.11.3.rel1.win32_1.1.100.202309141235/tools/bin/../lib/gcc/arm-none-eabi/11.3.1/thumb/v7e-m+fp/hard/crtbegin.o

.preinit_array  0x00000000080064dc        0x0
                0x00000000080064dc                . = ALIGN (0x4)
                0x00000000080064dc                PROVIDE (__preinit_array_start = .)
 *(.preinit_array*)
                0x00000000080064dc                PROVIDE (__preinit_array_end = .)
                0x00000000080064dc                . = ALIGN (0x4)

.init_array     0x00000000080064dc        0x4
                0x00000000080064dc                . = ALIGN (0x4)
                0x00000000080064dc                PROVIDE (__init_array_start = .)
 *(SORT_BY_NAME(.init_array.*))
 *(.init_array*)
 .init_array    0x00000000080064dc        0x4 C:/ST/STM32CubeIDE_1.14.0/STM32CubeIDE/plugins/com.st.stm32cube.ide.mcu.externaltools.gnu-tools-for-stm32.11.3.rel1.win32_1.1.100.202309141235/tools/bin/../lib/gcc/arm-none-eabi/11.3.1/thumb/v7e-m+fp/hard/crtbegin.o
                0x00000000080064e0                PROVIDE (__init_array_end = .)
                0x00000000080064e0                . = ALIGN (0x4)

.fini_array     0x00000000080064e0        0x4
                0x00000000080064e0                . = ALIGN (0x4)
                [!provide]                        PROVIDE (__fini_array_start = .)
 *(SORT_BY_NAME(.fini_array.*))
 *(.fini_array*)
 .fini_array    0x00000000080064e0        0x4 C:/ST/STM32CubeIDE_1.14.0/STM32CubeIDE/plugins/com.st.stm32cube.ide.mcu.externaltools.gnu-tools-for-stm32.11.3.rel1.win32_1.1.100.202309141235/tools/bin/../lib/gcc/arm-none-eabi/11.3.1/thumb/v7e-m+fp/hard/crtbegin.o
                [!provide]                        PROVIDE (__fini_array_end = .)
                0x00000000080064e4                . = ALIGN (0x4)
                0x00000000080064e4                _sidata = LOADADDR (.data)

.data           0x0000000020000000      0x214 load address 0x00000000080064e4
                0x0000000020000000                . = ALIGN (0x4)
                0x0000000020000000                _sdata = .
 *(.data)
 *(.data*)
 .data.SystemCoreClock
                0x0000000020000000        0x4 ./Core/Src/system_stm32g4xx.o
                0x0000000020000000                SystemCoreClock
 .data.g_DebugMsgLevel
                0x0000000020000004        0x4 ./Drivers/BSP/src/svDebug.o
                0x0000000020000004                g_DebugMsgLevel
 .data.g_rbDebugRx
                0x0000000020000008       0x1c ./Drivers/BSP/src/svDebug.o
                0x0000000020000008                g_rbDebugRx
 .data.uwTickFreq
                0x0000000020000024        0x4 ./Drivers/STM32G4xx_HAL_Driver/Src/stm32g4xx_hal.o
                0x0000000020000024                uwTickFreq
 .data.uwTickPrio
                0x0000000020000028        0x4 ./Drivers/STM32G4xx_HAL_Driver/Src/stm32g4xx_hal.o
                0x0000000020000028                uwTickPrio
 .data.pFlash   0x000000002000002c       0x20 ./Drivers/STM32G4xx_HAL_Driver/Src/stm32g4xx_hal_flash.o
                0x000000002000002c                pFlash
 .data.USBD_CDC
                0x000000002000004c       0x38 ./Middlewares/ST/STM32_USB_Device_Library/Class/CDC/Src/usbd_cdc.o
                0x000000002000004c                USBD_CDC
 .data.USBD_CDC_CfgFSDesc
                0x0000000020000084       0x43 ./Middlewares/ST/STM32_USB_Device_Library/Class/CDC/Src/usbd_cdc.o
 *fill*         0x00000000200000c7        0x1 
 .data.USBD_CDC_CfgHSDesc
                0x00000000200000c8       0x43 ./Middlewares/ST/STM32_USB_Device_Library/Class/CDC/Src/usbd_cdc.o
 *fill*         0x000000002000010b        0x1 
 .data.USBD_CDC_DeviceQualifierDesc
                0x000000002000010c        0xa ./Middlewares/ST/STM32_USB_Device_Library/Class/CDC/Src/usbd_cdc.o
 *fill*         0x0000000020000116        0x2 
 .data.USBD_CDC_OtherSpeedCfgDesc
                0x0000000020000118       0x43 ./Middlewares/ST/STM32_USB_Device_Library/Class/CDC/Src/usbd_cdc.o
 *fill*         0x000000002000015b        0x1 
 .data.USBD_Interface_fops_FS
                0x000000002000015c       0x14 ./USB_Device/App/usbd_cdc_if.o
                0x000000002000015c                USBD_Interface_fops_FS
 .data.CDC_Desc
                0x0000000020000170       0x20 ./USB_Device/App/usbd_desc.o
                0x0000000020000170                CDC_Desc
 .data.USBD_CDC_DeviceDesc
                0x0000000020000190       0x12 ./USB_Device/App/usbd_desc.o
                0x0000000020000190                USBD_CDC_DeviceDesc
 *fill*         0x00000000200001a2        0x2 
 .data.USBD_LangIDDesc
                0x00000000200001a4        0x4 ./USB_Device/App/usbd_desc.o
                0x00000000200001a4                USBD_LangIDDesc
 .data.USBD_StringSerial
                0x00000000200001a8       0x1a ./USB_Device/App/usbd_desc.o
                0x00000000200001a8                USBD_StringSerial
 *fill*         0x00000000200001c2        0x2 
 .data._impure_data
                0x00000000200001c4       0x4c C:/ST/STM32CubeIDE_1.14.0/STM32CubeIDE/plugins/com.st.stm32cube.ide.mcu.externaltools.gnu-tools-for-stm32.11.3.rel1.win32_1.1.100.202309141235/tools/bin/../lib/gcc/arm-none-eabi/11.3.1/../../../../arm-none-eabi/lib/thumb/v7e-m+fp/hard\libc_nano.a(libc_a-impure.o)
                0x00000000200001c4                _impure_data
 .data._impure_ptr
                0x0000000020000210        0x4 C:/ST/STM32CubeIDE_1.14.0/STM32CubeIDE/plugins/com.st.stm32cube.ide.mcu.externaltools.gnu-tools-for-stm32.11.3.rel1.win32_1.1.100.202309141235/tools/bin/../lib/gcc/arm-none-eabi/11.3.1/../../../../arm-none-eabi/lib/thumb/v7e-m+fp/hard\libc_nano.a(libc_a-impure.o)
                0x0000000020000210                _impure_ptr
 *(.RamFunc)
 *(.RamFunc*)
                0x0000000020000214                . = ALIGN (0x4)
                0x0000000020000214                _edata = .

.igot.plt       0x0000000020000214        0x0 load address 0x00000000080066f8
 .igot.plt      0x0000000020000214        0x0 C:/ST/STM32CubeIDE_1.14.0/STM32CubeIDE/plugins/com.st.stm32cube.ide.mcu.externaltools.gnu-tools-for-stm32.11.3.rel1.win32_1.1.100.202309141235/tools/bin/../lib/gcc/arm-none-eabi/11.3.1/thumb/v7e-m+fp/hard/crtbegin.o

.RAMVectorTable
                0x0000000020000214       0xc0 load address 0x00000000080066f8
 .RAMVectorTable
                0x0000000020000214       0xc0 ./Core/Src/main.o
                0x0000000020000214                VectorTable
                0x00000000200002d4                . = ALIGN (0x4)

.bss            0x00000000200002d4     0x1e60 load address 0x00000000080067b8
                0x00000000200002d4                _sbss = .
                0x00000000200002d4                __bss_start__ = _sbss
 *(.bss)
 .bss           0x00000000200002d4       0x1c C:/ST/STM32CubeIDE_1.14.0/STM32CubeIDE/plugins/com.st.stm32cube.ide.mcu.externaltools.gnu-tools-for-stm32.11.3.rel1.win32_1.1.100.202309141235/tools/bin/../lib/gcc/arm-none-eabi/11.3.1/thumb/v7e-m+fp/hard/crtbegin.o
 *(.bss*)
 .bss.g_RCC_CSR
                0x00000000200002f0        0x4 ./Core/Src/main.o
                0x00000000200002f0                g_RCC_CSR
 .bss.hrtc      0x00000000200002f4       0x28 ./Core/Src/main.o
                0x00000000200002f4                hrtc
 .bss.__sbrk_heap_end
                0x000000002000031c        0x4 ./Core/Src/sysmem.o
 .bss.s_bLEDEnable
                0x0000000020000320        0x4 ./Drivers/BSP/src/LED.o
 .bss.s_bLEDInit
                0x0000000020000324        0x4 ./Drivers/BSP/src/LED.o
 .bss.hrtc      0x0000000020000328       0x28 ./Drivers/BSP/src/RTC.o
 .bss.s_ResetCount
                0x0000000020000350        0x4 ./Drivers/BSP/src/Reset.o
 .bss.huart1    0x0000000020000354       0x94 ./Drivers/BSP/src/UART.o
                0x0000000020000354                huart1
 .bss.rx_data   0x00000000200003e8        0x1 ./Drivers/BSP/src/UART.o
 *fill*         0x00000000200003e9        0x3 
 .bss.s_bUARTConnected
                0x00000000200003ec        0x4 ./Drivers/BSP/src/UART.o
 .bss.g_bDebugTx
                0x00000000200003f0        0x4 ./Drivers/BSP/src/svDebug.o
                0x00000000200003f0                g_bDebugTx
 .bss.g_lwrbDebugTx
                0x00000000200003f4       0x14 ./Drivers/BSP/src/svDebug.o
                0x00000000200003f4                g_lwrbDebugTx
 .bss.g_rbDebugRx_dataSpace
                0x0000000020000408       0x80 ./Drivers/BSP/src/svDebug.o
                0x0000000020000408                g_rbDebugRx_dataSpace
 .bss.s_msg4Debug.0
                0x0000000020000488       0x80 ./Drivers/BSP/src/svDebug.o
 .bss.uwTick    0x0000000020000508        0x4 ./Drivers/STM32G4xx_HAL_Driver/Src/stm32g4xx_hal.o
                0x0000000020000508                uwTick
 .bss.cfgidx.0  0x000000002000050c        0x1 ./Middlewares/ST/STM32_USB_Device_Library/Core/Src/usbd_ctlreq.o
 .bss.msg.1     0x000000002000050d      0x100 ./Middlewares/Solvine/Utils/src/svCLI.o
 *fill*         0x000000002000060d        0x3 
 .bss.sCLITablEnd
                0x0000000020000610        0x4 ./Middlewares/Solvine/Utils/src/svCLI.o
 .bss.sCLITableBegin
                0x0000000020000614        0x4 ./Middlewares/Solvine/Utils/src/svCLI.o
 .bss.svCommit  0x0000000020000618        0x4 ./Middlewares/Solvine/Utils/src/svCLI.o
 .bss.svPutChar
                0x000000002000061c        0x4 ./Middlewares/Solvine/Utils/src/svCLI.o
 .bss.hUsbDeviceFS
                0x0000000020000620      0x2d0 ./USB_Device/App/usb_device.o
                0x0000000020000620                hUsbDeviceFS
 .bss.UserRxBufferFS
                0x00000000200008f0      0x800 ./USB_Device/App/usbd_cdc_if.o
                0x00000000200008f0                UserRxBufferFS
 .bss.UserTxBufferFS
                0x00000000200010f0      0x800 ./USB_Device/App/usbd_cdc_if.o
                0x00000000200010f0                UserTxBufferFS
 .bss.USBD_StrDesc
                0x00000000200018f0      0x200 ./USB_Device/App/usbd_desc.o
                0x00000000200018f0                USBD_StrDesc
 .bss.hpcd_USB_FS
                0x0000000020001af0      0x2dc ./USB_Device/Target/usbd_conf.o
                0x0000000020001af0                hpcd_USB_FS
 .bss.mem.0     0x0000000020001dcc      0x220 ./USB_Device/Target/usbd_conf.o
 .bss.__malloc_free_list
                0x0000000020001fec        0x4 C:/ST/STM32CubeIDE_1.14.0/STM32CubeIDE/plugins/com.st.stm32cube.ide.mcu.externaltools.gnu-tools-for-stm32.11.3.rel1.win32_1.1.100.202309141235/tools/bin/../lib/gcc/arm-none-eabi/11.3.1/../../../../arm-none-eabi/lib/thumb/v7e-m+fp/hard\libc_nano.a(libc_a-mallocr.o)
                0x0000000020001fec                __malloc_free_list
 .bss.__malloc_sbrk_start
                0x0000000020001ff0        0x4 C:/ST/STM32CubeIDE_1.14.0/STM32CubeIDE/plugins/com.st.stm32cube.ide.mcu.externaltools.gnu-tools-for-stm32.11.3.rel1.win32_1.1.100.202309141235/tools/bin/../lib/gcc/arm-none-eabi/11.3.1/../../../../arm-none-eabi/lib/thumb/v7e-m+fp/hard\libc_nano.a(libc_a-mallocr.o)
                0x0000000020001ff0                __malloc_sbrk_start
 .bss.__sf      0x0000000020001ff4      0x138 C:/ST/STM32CubeIDE_1.14.0/STM32CubeIDE/plugins/com.st.stm32cube.ide.mcu.externaltools.gnu-tools-for-stm32.11.3.rel1.win32_1.1.100.202309141235/tools/bin/../lib/gcc/arm-none-eabi/11.3.1/../../../../arm-none-eabi/lib/thumb/v7e-m+fp/hard\libc_nano.a(libc_a-findfp.o)
                0x0000000020001ff4                __sf
 .bss.errno     0x000000002000212c        0x4 C:/ST/STM32CubeIDE_1.14.0/STM32CubeIDE/plugins/com.st.stm32cube.ide.mcu.externaltools.gnu-tools-for-stm32.11.3.rel1.win32_1.1.100.202309141235/tools/bin/../lib/gcc/arm-none-eabi/11.3.1/../../../../arm-none-eabi/lib/thumb/v7e-m+fp/hard\libc_nano.a(libc_a-reent.o)
                0x000000002000212c                errno
 .bss.__lock___malloc_recursive_mutex
                0x0000000020002130        0x1 C:/ST/STM32CubeIDE_1.14.0/STM32CubeIDE/plugins/com.st.stm32cube.ide.mcu.externaltools.gnu-tools-for-stm32.11.3.rel1.win32_1.1.100.202309141235/tools/bin/../lib/gcc/arm-none-eabi/11.3.1/../../../../arm-none-eabi/lib/thumb/v7e-m+fp/hard\libc_nano.a(libc_a-lock.o)
                0x0000000020002130                __lock___malloc_recursive_mutex
 *(COMMON)
                0x0000000020002134                . = ALIGN (0x4)
 *fill*         0x0000000020002131        0x3 
                0x0000000020002134                _ebss = .
                0x0000000020002134                __bss_end__ = _ebss

._user_heap_stack
                0x0000000020002134      0x604 load address 0x00000000080067b8
                0x0000000020002138                . = ALIGN (0x8)
 *fill*         0x0000000020002134        0x4 
                [!provide]                        PROVIDE (end = .)
                0x0000000020002138                PROVIDE (_end = .)
                0x0000000020002338                . = (. + _Min_Heap_Size)
 *fill*         0x0000000020002138      0x200 
                0x0000000020002738                . = (. + _Min_Stack_Size)
 *fill*         0x0000000020002338      0x400 
                0x0000000020002738                . = ALIGN (0x8)

/DISCARD/
 libc.a(*)
 libm.a(*)
 libgcc.a(*)

.ARM.attributes
                0x0000000000000000       0x30
 *(.ARM.attributes)
 .ARM.attributes
                0x0000000000000000       0x1e C:/ST/STM32CubeIDE_1.14.0/STM32CubeIDE/plugins/com.st.stm32cube.ide.mcu.externaltools.gnu-tools-for-stm32.11.3.rel1.win32_1.1.100.202309141235/tools/bin/../lib/gcc/arm-none-eabi/11.3.1/thumb/v7e-m+fp/hard/crti.o
 .ARM.attributes
                0x000000000000001e       0x34 C:/ST/STM32CubeIDE_1.14.0/STM32CubeIDE/plugins/com.st.stm32cube.ide.mcu.externaltools.gnu-tools-for-stm32.11.3.rel1.win32_1.1.100.202309141235/tools/bin/../lib/gcc/arm-none-eabi/11.3.1/thumb/v7e-m+fp/hard/crtbegin.o
 .ARM.attributes
                0x0000000000000052       0x34 ./Core/Src/AppMain.o
 .ARM.attributes
                0x0000000000000086       0x34 ./Core/Src/main.o
 .ARM.attributes
                0x00000000000000ba       0x34 ./Core/Src/stm32g4xx_hal_msp.o
 .ARM.attributes
                0x00000000000000ee       0x34 ./Core/Src/stm32g4xx_it.o
 .ARM.attributes
                0x0000000000000122       0x34 ./Core/Src/sysmem.o
 .ARM.attributes
                0x0000000000000156       0x34 ./Core/Src/system_stm32g4xx.o
 .ARM.attributes
                0x000000000000018a       0x21 ./Core/Startup/startup_stm32g474retx.o
 .ARM.attributes
                0x00000000000001ab       0x34 ./Drivers/BSP/src/Flash.o
 .ARM.attributes
                0x00000000000001df       0x34 ./Drivers/BSP/src/LED.o
 .ARM.attributes
                0x0000000000000213       0x34 ./Drivers/BSP/src/RTC.o
 .ARM.attributes
                0x0000000000000247       0x34 ./Drivers/BSP/src/Reset.o
 .ARM.attributes
                0x000000000000027b       0x34 ./Drivers/BSP/src/UART.o
 .ARM.attributes
                0x00000000000002af       0x34 ./Drivers/BSP/src/svDebug.o
 .ARM.attributes
                0x00000000000002e3       0x34 ./Drivers/STM32G4xx_HAL_Driver/Src/stm32g4xx_hal.o
 .ARM.attributes
                0x0000000000000317       0x34 ./Drivers/STM32G4xx_HAL_Driver/Src/stm32g4xx_hal_cortex.o
 .ARM.attributes
                0x000000000000034b       0x34 ./Drivers/STM32G4xx_HAL_Driver/Src/stm32g4xx_hal_dma.o
 .ARM.attributes
                0x000000000000037f       0x34 ./Drivers/STM32G4xx_HAL_Driver/Src/stm32g4xx_hal_flash.o
 .ARM.attributes
                0x00000000000003b3       0x34 ./Drivers/STM32G4xx_HAL_Driver/Src/stm32g4xx_hal_flash_ex.o
 .ARM.attributes
                0x00000000000003e7       0x34 ./Drivers/STM32G4xx_HAL_Driver/Src/stm32g4xx_hal_gpio.o
 .ARM.attributes
                0x000000000000041b       0x34 ./Drivers/STM32G4xx_HAL_Driver/Src/stm32g4xx_hal_pcd.o
 .ARM.attributes
                0x000000000000044f       0x34 ./Drivers/STM32G4xx_HAL_Driver/Src/stm32g4xx_hal_pcd_ex.o
 .ARM.attributes
                0x0000000000000483       0x34 ./Drivers/STM32G4xx_HAL_Driver/Src/stm32g4xx_hal_pwr_ex.o
 .ARM.attributes
                0x00000000000004b7       0x34 ./Drivers/STM32G4xx_HAL_Driver/Src/stm32g4xx_hal_rcc.o
 .ARM.attributes
                0x00000000000004eb       0x34 ./Drivers/STM32G4xx_HAL_Driver/Src/stm32g4xx_hal_rcc_ex.o
 .ARM.attributes
                0x000000000000051f       0x34 ./Drivers/STM32G4xx_HAL_Driver/Src/stm32g4xx_hal_rtc.o
 .ARM.attributes
                0x0000000000000553       0x34 ./Drivers/STM32G4xx_HAL_Driver/Src/stm32g4xx_hal_rtc_ex.o
 .ARM.attributes
                0x0000000000000587       0x34 ./Drivers/STM32G4xx_HAL_Driver/Src/stm32g4xx_hal_uart.o
 .ARM.attributes
                0x00000000000005bb       0x34 ./Drivers/STM32G4xx_HAL_Driver/Src/stm32g4xx_hal_uart_ex.o
 .ARM.attributes
                0x00000000000005ef       0x34 ./Drivers/STM32G4xx_HAL_Driver/Src/stm32g4xx_ll_usb.o
 .ARM.attributes
                0x0000000000000623       0x34 ./Middlewares/ST/STM32_USB_Device_Library/Class/CDC/Src/usbd_cdc.o
 .ARM.attributes
                0x0000000000000657       0x34 ./Middlewares/ST/STM32_USB_Device_Library/Core/Src/usbd_core.o
 .ARM.attributes
                0x000000000000068b       0x34 ./Middlewares/ST/STM32_USB_Device_Library/Core/Src/usbd_ctlreq.o
 .ARM.attributes
                0x00000000000006bf       0x34 ./Middlewares/ST/STM32_USB_Device_Library/Core/Src/usbd_ioreq.o
 .ARM.attributes
                0x00000000000006f3       0x34 ./Middlewares/Solvine/Utils/src/svCLI.o
 .ARM.attributes
                0x0000000000000727       0x34 ./Middlewares/Solvine/Utils/src/svRingBuffer.o
 .ARM.attributes
                0x000000000000075b       0x34 ./Middlewares/Third_Party/lwrb/src/lwrb.o
 .ARM.attributes
                0x000000000000078f       0x34 ./USB_Device/App/usb_device.o
 .ARM.attributes
                0x00000000000007c3       0x34 ./USB_Device/App/usbd_cdc_if.o
 .ARM.attributes
                0x00000000000007f7       0x34 ./USB_Device/App/usbd_desc.o
 .ARM.attributes
                0x000000000000082b       0x34 ./USB_Device/Target/usbd_conf.o
 .ARM.attributes
                0x000000000000085f       0x34 C:/ST/STM32CubeIDE_1.14.0/STM32CubeIDE/plugins/com.st.stm32cube.ide.mcu.externaltools.gnu-tools-for-stm32.11.3.rel1.win32_1.1.100.202309141235/tools/bin/../lib/gcc/arm-none-eabi/11.3.1/../../../../arm-none-eabi/lib/thumb/v7e-m+fp/hard\libc_nano.a(libc_a-mallocr.o)
 .ARM.attributes
                0x0000000000000893       0x34 C:/ST/STM32CubeIDE_1.14.0/STM32CubeIDE/plugins/com.st.stm32cube.ide.mcu.externaltools.gnu-tools-for-stm32.11.3.rel1.win32_1.1.100.202309141235/tools/bin/../lib/gcc/arm-none-eabi/11.3.1/../../../../arm-none-eabi/lib/thumb/v7e-m+fp/hard\libc_nano.a(libc_a-mlock.o)
 .ARM.attributes
                0x00000000000008c7       0x34 C:/ST/STM32CubeIDE_1.14.0/STM32CubeIDE/plugins/com.st.stm32cube.ide.mcu.externaltools.gnu-tools-for-stm32.11.3.rel1.win32_1.1.100.202309141235/tools/bin/../lib/gcc/arm-none-eabi/11.3.1/../../../../arm-none-eabi/lib/thumb/v7e-m+fp/hard\libc_nano.a(libc_a-findfp.o)
 .ARM.attributes
                0x00000000000008fb       0x34 C:/ST/STM32CubeIDE_1.14.0/STM32CubeIDE/plugins/com.st.stm32cube.ide.mcu.externaltools.gnu-tools-for-stm32.11.3.rel1.win32_1.1.100.202309141235/tools/bin/../lib/gcc/arm-none-eabi/11.3.1/../../../../arm-none-eabi/lib/thumb/v7e-m+fp/hard\libc_nano.a(libc_a-vsprintf.o)
 .ARM.attributes
                0x000000000000092f       0x34 C:/ST/STM32CubeIDE_1.14.0/STM32CubeIDE/plugins/com.st.stm32cube.ide.mcu.externaltools.gnu-tools-for-stm32.11.3.rel1.win32_1.1.100.202309141235/tools/bin/../lib/gcc/arm-none-eabi/11.3.1/../../../../arm-none-eabi/lib/thumb/v7e-m+fp/hard\libc_nano.a(libc_a-memset.o)
 .ARM.attributes
                0x0000000000000963       0x34 C:/ST/STM32CubeIDE_1.14.0/STM32CubeIDE/plugins/com.st.stm32cube.ide.mcu.externaltools.gnu-tools-for-stm32.11.3.rel1.win32_1.1.100.202309141235/tools/bin/../lib/gcc/arm-none-eabi/11.3.1/../../../../arm-none-eabi/lib/thumb/v7e-m+fp/hard\libc_nano.a(libc_a-reent.o)
 .ARM.attributes
                0x0000000000000997       0x34 C:/ST/STM32CubeIDE_1.14.0/STM32CubeIDE/plugins/com.st.stm32cube.ide.mcu.externaltools.gnu-tools-for-stm32.11.3.rel1.win32_1.1.100.202309141235/tools/bin/../lib/gcc/arm-none-eabi/11.3.1/../../../../arm-none-eabi/lib/thumb/v7e-m+fp/hard\libc_nano.a(libc_a-impure.o)
 .ARM.attributes
                0x00000000000009cb       0x34 C:/ST/STM32CubeIDE_1.14.0/STM32CubeIDE/plugins/com.st.stm32cube.ide.mcu.externaltools.gnu-tools-for-stm32.11.3.rel1.win32_1.1.100.202309141235/tools/bin/../lib/gcc/arm-none-eabi/11.3.1/../../../../arm-none-eabi/lib/thumb/v7e-m+fp/hard\libc_nano.a(libc_a-sbrkr.o)
 .ARM.attributes
                0x00000000000009ff       0x34 C:/ST/STM32CubeIDE_1.14.0/STM32CubeIDE/plugins/com.st.stm32cube.ide.mcu.externaltools.gnu-tools-for-stm32.11.3.rel1.win32_1.1.100.202309141235/tools/bin/../lib/gcc/arm-none-eabi/11.3.1/../../../../arm-none-eabi/lib/thumb/v7e-m+fp/hard\libc_nano.a(libc_a-errno.o)
 .ARM.attributes
                0x0000000000000a33       0x34 C:/ST/STM32CubeIDE_1.14.0/STM32CubeIDE/plugins/com.st.stm32cube.ide.mcu.externaltools.gnu-tools-for-stm32.11.3.rel1.win32_1.1.100.202309141235/tools/bin/../lib/gcc/arm-none-eabi/11.3.1/../../../../arm-none-eabi/lib/thumb/v7e-m+fp/hard\libc_nano.a(libc_a-init.o)
 .ARM.attributes
                0x0000000000000a67       0x34 C:/ST/STM32CubeIDE_1.14.0/STM32CubeIDE/plugins/com.st.stm32cube.ide.mcu.externaltools.gnu-tools-for-stm32.11.3.rel1.win32_1.1.100.202309141235/tools/bin/../lib/gcc/arm-none-eabi/11.3.1/../../../../arm-none-eabi/lib/thumb/v7e-m+fp/hard\libc_nano.a(libc_a-lock.o)
 .ARM.attributes
                0x0000000000000a9b       0x34 C:/ST/STM32CubeIDE_1.14.0/STM32CubeIDE/plugins/com.st.stm32cube.ide.mcu.externaltools.gnu-tools-for-stm32.11.3.rel1.win32_1.1.100.202309141235/tools/bin/../lib/gcc/arm-none-eabi/11.3.1/../../../../arm-none-eabi/lib/thumb/v7e-m+fp/hard\libc_nano.a(libc_a-memcpy-stub.o)
 .ARM.attributes
                0x0000000000000acf       0x34 C:/ST/STM32CubeIDE_1.14.0/STM32CubeIDE/plugins/com.st.stm32cube.ide.mcu.externaltools.gnu-tools-for-stm32.11.3.rel1.win32_1.1.100.202309141235/tools/bin/../lib/gcc/arm-none-eabi/11.3.1/../../../../arm-none-eabi/lib/thumb/v7e-m+fp/hard\libc_nano.a(libc_a-freer.o)
 .ARM.attributes
                0x0000000000000b03       0x34 C:/ST/STM32CubeIDE_1.14.0/STM32CubeIDE/plugins/com.st.stm32cube.ide.mcu.externaltools.gnu-tools-for-stm32.11.3.rel1.win32_1.1.100.202309141235/tools/bin/../lib/gcc/arm-none-eabi/11.3.1/../../../../arm-none-eabi/lib/thumb/v7e-m+fp/hard\libc_nano.a(libc_a-nano-svfprintf.o)
 .ARM.attributes
                0x0000000000000b37       0x34 C:/ST/STM32CubeIDE_1.14.0/STM32CubeIDE/plugins/com.st.stm32cube.ide.mcu.externaltools.gnu-tools-for-stm32.11.3.rel1.win32_1.1.100.202309141235/tools/bin/../lib/gcc/arm-none-eabi/11.3.1/../../../../arm-none-eabi/lib/thumb/v7e-m+fp/hard\libc_nano.a(libc_a-nano-vfprintf_i.o)
 .ARM.attributes
                0x0000000000000b6b       0x34 C:/ST/STM32CubeIDE_1.14.0/STM32CubeIDE/plugins/com.st.stm32cube.ide.mcu.externaltools.gnu-tools-for-stm32.11.3.rel1.win32_1.1.100.202309141235/tools/bin/../lib/gcc/arm-none-eabi/11.3.1/../../../../arm-none-eabi/lib/thumb/v7e-m+fp/hard\libc_nano.a(libc_a-memmove.o)
 .ARM.attributes
                0x0000000000000b9f       0x1c C:/ST/STM32CubeIDE_1.14.0/STM32CubeIDE/plugins/com.st.stm32cube.ide.mcu.externaltools.gnu-tools-for-stm32.11.3.rel1.win32_1.1.100.202309141235/tools/bin/../lib/gcc/arm-none-eabi/11.3.1/../../../../arm-none-eabi/lib/thumb/v7e-m+fp/hard\libc_nano.a(libc_a-memchr.o)
 .ARM.attributes
                0x0000000000000bbb       0x34 C:/ST/STM32CubeIDE_1.14.0/STM32CubeIDE/plugins/com.st.stm32cube.ide.mcu.externaltools.gnu-tools-for-stm32.11.3.rel1.win32_1.1.100.202309141235/tools/bin/../lib/gcc/arm-none-eabi/11.3.1/../../../../arm-none-eabi/lib/thumb/v7e-m+fp/hard\libc_nano.a(libc_a-reallocr.o)
 .ARM.attributes
                0x0000000000000bef       0x34 C:/ST/STM32CubeIDE_1.14.0/STM32CubeIDE/plugins/com.st.stm32cube.ide.mcu.externaltools.gnu-tools-for-stm32.11.3.rel1.win32_1.1.100.202309141235/tools/bin/../lib/gcc/arm-none-eabi/11.3.1/../../../../arm-none-eabi/lib/thumb/v7e-m+fp/hard\libc_nano.a(libc_a-msizer.o)
 .ARM.attributes
                0x0000000000000c23       0x1e C:/ST/STM32CubeIDE_1.14.0/STM32CubeIDE/plugins/com.st.stm32cube.ide.mcu.externaltools.gnu-tools-for-stm32.11.3.rel1.win32_1.1.100.202309141235/tools/bin/../lib/gcc/arm-none-eabi/11.3.1/thumb/v7e-m+fp/hard\libgcc.a(_aeabi_uldivmod.o)
 .ARM.attributes
                0x0000000000000c41       0x34 C:/ST/STM32CubeIDE_1.14.0/STM32CubeIDE/plugins/com.st.stm32cube.ide.mcu.externaltools.gnu-tools-for-stm32.11.3.rel1.win32_1.1.100.202309141235/tools/bin/../lib/gcc/arm-none-eabi/11.3.1/thumb/v7e-m+fp/hard\libgcc.a(_udivmoddi4.o)
 .ARM.attributes
                0x0000000000000c75       0x1e C:/ST/STM32CubeIDE_1.14.0/STM32CubeIDE/plugins/com.st.stm32cube.ide.mcu.externaltools.gnu-tools-for-stm32.11.3.rel1.win32_1.1.100.202309141235/tools/bin/../lib/gcc/arm-none-eabi/11.3.1/thumb/v7e-m+fp/hard\libgcc.a(_dvmd_tls.o)
 .ARM.attributes
                0x0000000000000c93       0x1e C:/ST/STM32CubeIDE_1.14.0/STM32CubeIDE/plugins/com.st.stm32cube.ide.mcu.externaltools.gnu-tools-for-stm32.11.3.rel1.win32_1.1.100.202309141235/tools/bin/../lib/gcc/arm-none-eabi/11.3.1/thumb/v7e-m+fp/hard/crtn.o
OUTPUT(stm32g474_svBoot.elf elf32-littlearm)
LOAD linker stubs