../Middlewares/Solvine/Utils/src/svCLI.c:203:13:_svClearLine	24	static
../Middlewares/Solvine/Utils/src/svCLI.c:82:12:svCLI_Printf	32	static
../Middlewares/Solvine/Utils/src/svCLI.c:122:12:_strlenOffspace	0	static
../Middlewares/Solvine/Utils/src/svCLI.c:353:6:svCLI_SetBypassFtn.part.0	8	static
../Middlewares/Solvine/Utils/src/svCLI.c:196:13:_svMemCpy.constprop	0	static
../Middlewares/Solvine/Utils/src/svCLI.c:56:6:svCLI_Init	8	static
../Middlewares/Solvine/Utils/src/svCLI.c:97:6:svCLI_ShowHelp	32	static
../Middlewares/Solvine/Utils/src/svCLI.c:512:13:CLI_Help	0	static
../Middlewares/Solvine/Utils/src/svCLI.c:270:5:svCLI_ParseNumber	20	static
../Middlewares/Solvine/Utils/src/svCLI.c:353:6:svCLI_SetBypassFtn	24	static
../Middlewares/Solvine/Utils/src/svCLI.c:387:6:svCLI_Handler	48	static
